[debug] [2026-08-16T09:37:45.369Z] ----------------------------------------------------------------------
[debug] [2026-08-16T09:37:45.373Z] Command:       C:\Program Files\nodejs\node.exe C:\Users\OASISFAITH\AppData\Roaming\npm\node_modules\firebase-tools\lib\bin\firebase.js deploy --only functions hosting --debug
[debug] [2026-08-16T09:37:45.373Z] CLI Version:   15.24.0
[debug] [2026-08-16T09:37:45.373Z] Platform:      win32
[debug] [2026-08-16T09:37:45.373Z] Node Version:  v24.18.0
[debug] [2026-08-16T09:37:45.374Z] Detected Agent: antigravity
[debug] [2026-08-16T09:37:45.374Z] Time:          Sun Aug 16 2026 10:37:45 GMT+0100 (West Africa Time)
[debug] [2026-08-16T09:37:45.374Z] ----------------------------------------------------------------------
[debug] 
[debug] [2026-08-16T09:37:46.896Z] > command requires scopes: ["email","openid","https://www.googleapis.com/auth/cloudplatformprojects.readonly","https://www.googleapis.com/auth/firebase","https://www.googleapis.com/auth/cloud-platform"]
[debug] [2026-08-16T09:37:46.897Z] > authorizing via signed-in user (faith4grtns@gmail.com)
[debug] [2026-08-16T09:37:46.897Z] [iam] checking project cloudschool-3c1d4 for permissions ["cloudfunctions.functions.create","cloudfunctions.functions.delete","cloudfunctions.functions.get","cloudfunctions.functions.list","cloudfunctions.functions.update","cloudfunctions.operations.get","firebase.projects.get","firebasehosting.sites.update"]
[debug] [2026-08-16T09:37:46.913Z] Checked if tokens are valid: true, expires at: 1786875896413
[debug] [2026-08-16T09:37:46.913Z] Checked if tokens are valid: true, expires at: 1786875896413
[debug] [2026-08-16T09:37:46.915Z] >>> [apiv2][query] POST https://cloudresourcemanager.googleapis.com/v1/projects/cloudschool-3c1d4:testIamPermissions [none]
[debug] [2026-08-16T09:37:46.915Z] >>> [apiv2][(partial)header] POST https://cloudresourcemanager.googleapis.com/v1/projects/cloudschool-3c1d4:testIamPermissions  x-goog-user-project=cloudschool-3c1d4
[debug] [2026-08-16T09:37:46.915Z] >>> [apiv2][body] POST https://cloudresourcemanager.googleapis.com/v1/projects/cloudschool-3c1d4:testIamPermissions {"permissions":["cloudfunctions.functions.create","cloudfunctions.functions.delete","cloudfunctions.functions.get","cloudfunctions.functions.list","cloudfunctions.functions.update","cloudfunctions.operations.get","firebase.projects.get","firebasehosting.sites.update"]}
[debug] [2026-08-16T09:37:49.021Z] <<< [apiv2][status] POST https://cloudresourcemanager.googleapis.com/v1/projects/cloudschool-3c1d4:testIamPermissions 200
[debug] [2026-08-16T09:37:49.021Z] <<< [apiv2][body] POST https://cloudresourcemanager.googleapis.com/v1/projects/cloudschool-3c1d4:testIamPermissions {"permissions":["cloudfunctions.functions.create","cloudfunctions.functions.delete","cloudfunctions.functions.get","cloudfunctions.functions.list","cloudfunctions.functions.update","cloudfunctions.operations.get","firebase.projects.get","firebasehosting.sites.update"]}
[debug] [2026-08-16T09:37:49.022Z] Checked if tokens are valid: true, expires at: 1786875896413
[debug] [2026-08-16T09:37:49.022Z] Checked if tokens are valid: true, expires at: 1786875896413
[debug] [2026-08-16T09:37:49.023Z] >>> [apiv2][query] POST https://iam.googleapis.com/v1/projects/cloudschool-3c1d4/serviceAccounts/cloudschool-3c1d4@appspot.gserviceaccount.com:testIamPermissions [none]
[debug] [2026-08-16T09:37:49.023Z] >>> [apiv2][body] POST https://iam.googleapis.com/v1/projects/cloudschool-3c1d4/serviceAccounts/cloudschool-3c1d4@appspot.gserviceaccount.com:testIamPermissions {"permissions":["iam.serviceAccounts.actAs"]}
[debug] [2026-08-16T09:37:52.198Z] <<< [apiv2][status] POST https://iam.googleapis.com/v1/projects/cloudschool-3c1d4/serviceAccounts/cloudschool-3c1d4@appspot.gserviceaccount.com:testIamPermissions 200
[debug] [2026-08-16T09:37:52.199Z] <<< [apiv2][body] POST https://iam.googleapis.com/v1/projects/cloudschool-3c1d4/serviceAccounts/cloudschool-3c1d4@appspot.gserviceaccount.com:testIamPermissions {"permissions":["iam.serviceAccounts.actAs"]}
[debug] [2026-08-16T09:37:52.203Z] Checked if tokens are valid: true, expires at: 1786875896413
[debug] [2026-08-16T09:37:52.204Z] Checked if tokens are valid: true, expires at: 1786875896413
[debug] [2026-08-16T09:37:52.205Z] >>> [apiv2][query] GET https://firebase.googleapis.com/v1beta1/projects/cloudschool-3c1d4 [none]
[debug] [2026-08-16T09:37:54.074Z] <<< [apiv2][status] GET https://firebase.googleapis.com/v1beta1/projects/cloudschool-3c1d4 200
[debug] [2026-08-16T09:37:54.075Z] <<< [apiv2][body] GET https://firebase.googleapis.com/v1beta1/projects/cloudschool-3c1d4 {"projectId":"cloudschool-3c1d4","projectNumber":"974189460331","displayName":"CloudSchool","name":"projects/cloudschool-3c1d4","resources":{"hostingSite":"cloudschool-3c1d4"},"state":"ACTIVE","labels":{"firebase":"enabled"},"etag":"1_9ddf5bb2-2cad-4585-a158-4048443b0921"}
[info] 
[info] === Deploying to 'cloudschool-3c1d4'...
[info] 
[info] i  deploying functions, hosting 
[debug] [2026-08-16T09:37:54.090Z] Checked if tokens are valid: true, expires at: 1786875896413
[debug] [2026-08-16T09:37:54.091Z] Checked if tokens are valid: true, expires at: 1786875896413
[debug] [2026-08-16T09:37:54.091Z] >>> [apiv2][query] GET https://cloudresourcemanager.googleapis.com/v1/projects/cloudschool-3c1d4 [none]
[debug] [2026-08-16T09:37:56.189Z] <<< [apiv2][status] GET https://cloudresourcemanager.googleapis.com/v1/projects/cloudschool-3c1d4 200
[debug] [2026-08-16T09:37:56.189Z] <<< [apiv2][body] GET https://cloudresourcemanager.googleapis.com/v1/projects/cloudschool-3c1d4 {"projectNumber":"974189460331","projectId":"cloudschool-3c1d4","lifecycleState":"ACTIVE","name":"CloudSchool","labels":{"firebase":"enabled","firebase-core":"disabled"},"createTime":"2026-07-28T16:17:17.658Z"}
[info] i  functions: preparing codebase default for deployment 
[info] i  functions: ensuring required API cloudfunctions.googleapis.com is enabled... 
[info] i  functions: ensuring required API cloudbuild.googleapis.com is enabled... 
[info] i  artifactregistry: ensuring required API artifactregistry.googleapis.com is enabled... 
[debug] [2026-08-16T09:37:56.195Z] Checked if tokens are valid: true, expires at: 1786875896413
[debug] [2026-08-16T09:37:56.195Z] Checked if tokens are valid: true, expires at: 1786875896413
[debug] [2026-08-16T09:37:56.195Z] >>> [apiv2][query] GET https://firebase.googleapis.com/v1beta1/projects/cloudschool-3c1d4/adminSdkConfig [none]
[debug] [2026-08-16T09:37:56.771Z] <<< [apiv2][status] GET https://firebase.googleapis.com/v1beta1/projects/cloudschool-3c1d4/adminSdkConfig 200
[debug] [2026-08-16T09:37:56.772Z] <<< [apiv2][body] GET https://firebase.googleapis.com/v1beta1/projects/cloudschool-3c1d4/adminSdkConfig {"projectId":"cloudschool-3c1d4","storageBucket":"cloudschool-3c1d4.firebasestorage.app"}
[debug] [2026-08-16T09:37:56.773Z] Checked if tokens are valid: true, expires at: 1786875896413
[debug] [2026-08-16T09:37:56.773Z] Checked if tokens are valid: true, expires at: 1786875896413
[debug] [2026-08-16T09:37:56.773Z] >>> [apiv2][query] GET https://runtimeconfig.googleapis.com/v1beta1/projects/cloudschool-3c1d4/configs [none]
[debug] [2026-08-16T09:37:58.651Z] <<< [apiv2][status] GET https://runtimeconfig.googleapis.com/v1beta1/projects/cloudschool-3c1d4/configs 200
[debug] [2026-08-16T09:37:58.651Z] <<< [apiv2][body] GET https://runtimeconfig.googleapis.com/v1beta1/projects/cloudschool-3c1d4/configs {}
[debug] [2026-08-16T09:37:58.657Z] Validating nodejs source
[debug] [2026-08-16T09:38:01.225Z] > [functions] package.json contents: {
  "name": "functions",
  "version": "1.0.0",
  "description": "",
  "main": "index.js",
  "scripts": {
    "test": "echo \"Error: no test specified\" && exit 1"
  },
  "keywords": [],
  "type": "commonjs",
  "engines": {
    "node": "22"
  },
  "dependencies": {
    "bcrypt": "^6.0.0",
    "cors": "^2.8.6",
    "express": "^4.22.2",
    "express-rate-limit": "^8.6.2",
    "firebase-admin": "^14.2.0",
    "firebase-functions": "^7.3.2",
    "nodemailer": "^9.0.3"
  }
}
[debug] [2026-08-16T09:38:01.226Z] Building nodejs source
[info] i  functions: Loading and analyzing source code for codebase default to determine what to deploy 
[debug] [2026-08-16T09:38:01.227Z] Could not find functions.yaml. Must use http discovery
[debug] [2026-08-16T09:38:01.237Z] Found firebase-functions binary at 'C:\Users\OASISFAITH\Desktop\Portal Projects\Myschool Portal Cloud Version\functions\node_modules\.bin\firebase-functions'
[info] Serving at port 8600

[debug] [2026-08-16T09:38:02.447Z] Got response from /__/functions.yaml {"endpoints":{"api":{"availableMemoryMb":null,"timeoutSeconds":null,"minInstances":null,"maxInstances":null,"ingressSettings":null,"concurrency":null,"serviceAccountEmail":null,"vpc":null,"platform":"gcfv2","labels":{},"httpsTrigger":{},"entryPoint":"api"}},"specVersion":"v1alpha1","requiredAPIs":[],"extensions":{}}
[debug] [2026-08-16T09:38:05.511Z] Checked if tokens are valid: true, expires at: 1786875896413
[debug] [2026-08-16T09:38:05.511Z] Checked if tokens are valid: true, expires at: 1786875896413
[debug] [2026-08-16T09:38:05.512Z] >>> [apiv2][query] GET https://cloudfunctions.googleapis.com/v1/projects/cloudschool-3c1d4/locations/-/functions [none]
[debug] [2026-08-16T09:38:07.133Z] <<< [apiv2][status] GET https://cloudfunctions.googleapis.com/v1/projects/cloudschool-3c1d4/locations/-/functions 200
[debug] [2026-08-16T09:38:07.134Z] <<< [apiv2][body] GET https://cloudfunctions.googleapis.com/v1/projects/cloudschool-3c1d4/locations/-/functions {}
[debug] [2026-08-16T09:38:07.135Z] Checked if tokens are valid: true, expires at: 1786875896413
[debug] [2026-08-16T09:38:07.136Z] Checked if tokens are valid: true, expires at: 1786875896413
[debug] [2026-08-16T09:38:07.137Z] >>> [apiv2][query] GET https://cloudfunctions.googleapis.com/v2/projects/cloudschool-3c1d4/locations/-/functions filter=environment%3D%22GEN_2%22
[debug] [2026-08-16T09:38:07.797Z] <<< [apiv2][status] GET https://cloudfunctions.googleapis.com/v2/projects/cloudschool-3c1d4/locations/-/functions 200
[debug] [2026-08-16T09:38:07.797Z] <<< [apiv2][body] GET https://cloudfunctions.googleapis.com/v2/projects/cloudschool-3c1d4/locations/-/functions {"functions":[{"name":"projects/cloudschool-3c1d4/locations/us-central1/functions/api","buildConfig":{"build":"projects/974189460331/locations/us-central1/builds/e5f74852-f766-41f9-9dc7-c486cc4865d5","runtime":"nodejs20","entryPoint":"api","source":{"storageSource":{"bucket":"gcf-v2-sources-974189460331-us-central1","object":"api/function-source.zip","generation":"1786822427202815"}},"environmentVariables":{"GOOGLE_NODE_RUN_SCRIPTS":""},"dockerRepository":"projects/cloudschool-3c1d4/locations/us-central1/repositories/gcf-artifacts","sourceProvenance":{"resolvedStorageSource":{"bucket":"gcf-v2-sources-974189460331-us-central1","object":"api/function-source.zip","generation":"1786822427202815"}},"dockerRegistry":"ARTIFACT_REGISTRY","serviceAccount":"projects/cloudschool-3c1d4/serviceAccounts/974189460331-compute@developer.gserviceaccount.com","automaticUpdatePolicy":{}},"serviceConfig":{"service":"projects/cloudschool-3c1d4/locations/us-central1/services/api","timeoutSeconds":60,"environmentVariables":{"FIREBASE_CONFIG":"{\"projectId\":\"cloudschool-3c1d4\",\"storageBucket\":\"cloudschool-3c1d4.firebasestorage.app\"}","GCLOUD_PROJECT":"cloudschool-3c1d4","EVENTARC_CLOUD_EVENT_SOURCE":"projects/cloudschool-3c1d4/locations/us-central1/services/api","FUNCTION_TARGET":"api","LOG_EXECUTION_ID":"true"},"maxInstanceCount":20,"ingressSettings":"ALLOW_ALL","uri":"https://api-2jtv46nvba-uc.a.run.app","serviceAccountEmail":"974189460331-compute@developer.gserviceaccount.com","availableMemory":"256Mi","allTrafficOnLatestRevision":true,"revision":"api-00103-vut","maxInstanceRequestConcurrency":80,"availableCpu":"1"},"state":"ACTIVE","updateTime":"2026-08-15T19:34:51.356770382Z","labels":{"deployment-tool":"cli-firebase","firebase-functions-hash":"51bb094b868d6056f74550fb916baedc1a0c2bf5"},"environment":"GEN_2","url":"https://us-central1-cloudschool-3c1d4.cloudfunctions.net/api","createTime":"2026-07-28T16:46:45.636221501Z","satisfiesPzi":true}]}
[info] i  extensions: ensuring required API firebaseextensions.googleapis.com is enabled... 
[debug] [2026-08-16T09:38:07.805Z] > command requires scopes: ["email","openid","https://www.googleapis.com/auth/cloudplatformprojects.readonly","https://www.googleapis.com/auth/firebase","https://www.googleapis.com/auth/cloud-platform"]
[debug] [2026-08-16T09:38:07.806Z] > authorizing via signed-in user (faith4grtns@gmail.com)
[debug] [2026-08-16T09:38:07.807Z] [iam] checking project cloudschool-3c1d4 for permissions ["firebase.projects.get","firebaseextensions.instances.list"]
[debug] [2026-08-16T09:38:07.807Z] Checked if tokens are valid: true, expires at: 1786875896413
[debug] [2026-08-16T09:38:07.808Z] Checked if tokens are valid: true, expires at: 1786875896413
[debug] [2026-08-16T09:38:07.808Z] >>> [apiv2][query] POST https://cloudresourcemanager.googleapis.com/v1/projects/cloudschool-3c1d4:testIamPermissions [none]
[debug] [2026-08-16T09:38:07.808Z] >>> [apiv2][(partial)header] POST https://cloudresourcemanager.googleapis.com/v1/projects/cloudschool-3c1d4:testIamPermissions  x-goog-user-project=cloudschool-3c1d4
[debug] [2026-08-16T09:38:07.809Z] >>> [apiv2][body] POST https://cloudresourcemanager.googleapis.com/v1/projects/cloudschool-3c1d4:testIamPermissions {"permissions":["firebase.projects.get","firebaseextensions.instances.list"]}
[debug] [2026-08-16T09:38:09.303Z] <<< [apiv2][status] POST https://cloudresourcemanager.googleapis.com/v1/projects/cloudschool-3c1d4:testIamPermissions 200
[debug] [2026-08-16T09:38:09.304Z] <<< [apiv2][body] POST https://cloudresourcemanager.googleapis.com/v1/projects/cloudschool-3c1d4:testIamPermissions {"permissions":["firebase.projects.get","firebaseextensions.instances.list"]}
[debug] [2026-08-16T09:38:09.306Z] Checked if tokens are valid: true, expires at: 1786875896413
[debug] [2026-08-16T09:38:09.307Z] Checked if tokens are valid: true, expires at: 1786875896413
[debug] [2026-08-16T09:38:09.308Z] >>> [apiv2][query] GET https://firebaseextensions.googleapis.com/v1beta/projects/cloudschool-3c1d4/instances pageSize=100&pageToken=
[debug] [2026-08-16T09:38:11.370Z] <<< [apiv2][status] GET https://firebaseextensions.googleapis.com/v1beta/projects/cloudschool-3c1d4/instances 200
[debug] [2026-08-16T09:38:11.370Z] <<< [apiv2][body] GET https://firebaseextensions.googleapis.com/v1beta/projects/cloudschool-3c1d4/instances {}
[info] i  functions: preparing functions directory for uploading... 
[info] i  functions: packaged C:\Users\OASISFAITH\Desktop\Portal Projects\Myschool Portal Cloud Version\functions (100.72 KB) for uploading 
[info] i  functions: ensuring required API run.googleapis.com is enabled... 
[info] i  functions: ensuring required API eventarc.googleapis.com is enabled... 
[info] i  functions: ensuring required API pubsub.googleapis.com is enabled... 
[info] i  functions: ensuring required API storage.googleapis.com is enabled... 
[info] i  functions: generating the service identity for pubsub.googleapis.com... 
[debug] [2026-08-16T09:38:11.458Z] Checked if tokens are valid: true, expires at: 1786875896413
[debug] [2026-08-16T09:38:11.458Z] Checked if tokens are valid: true, expires at: 1786875896413
[info] i  functions: generating the service identity for eventarc.googleapis.com... 
[debug] [2026-08-16T09:38:11.458Z] Checked if tokens are valid: true, expires at: 1786875896413
[debug] [2026-08-16T09:38:11.458Z] Checked if tokens are valid: true, expires at: 1786875896413
[debug] [2026-08-16T09:38:11.459Z] >>> [apiv2][query] POST https://serviceusage.googleapis.com/v1beta1/projects/974189460331/services/pubsub.googleapis.com:generateServiceIdentity [none]
[debug] [2026-08-16T09:38:11.459Z] >>> [apiv2][(partial)header] POST https://serviceusage.googleapis.com/v1beta1/projects/974189460331/services/pubsub.googleapis.com:generateServiceIdentity  x-goog-user-project=974189460331
[debug] [2026-08-16T09:38:11.459Z] >>> [apiv2][body] POST https://serviceusage.googleapis.com/v1beta1/projects/974189460331/services/pubsub.googleapis.com:generateServiceIdentity {}
[debug] [2026-08-16T09:38:11.460Z] >>> [apiv2][query] POST https://serviceusage.googleapis.com/v1beta1/projects/974189460331/services/eventarc.googleapis.com:generateServiceIdentity [none]
[debug] [2026-08-16T09:38:11.460Z] >>> [apiv2][(partial)header] POST https://serviceusage.googleapis.com/v1beta1/projects/974189460331/services/eventarc.googleapis.com:generateServiceIdentity  x-goog-user-project=974189460331
[debug] [2026-08-16T09:38:11.460Z] >>> [apiv2][body] POST https://serviceusage.googleapis.com/v1beta1/projects/974189460331/services/eventarc.googleapis.com:generateServiceIdentity {}
[debug] [2026-08-16T09:38:13.025Z] <<< [apiv2][status] POST https://serviceusage.googleapis.com/v1beta1/projects/974189460331/services/pubsub.googleapis.com:generateServiceIdentity 200
[debug] [2026-08-16T09:38:13.026Z] <<< [apiv2][body] POST https://serviceusage.googleapis.com/v1beta1/projects/974189460331/services/pubsub.googleapis.com:generateServiceIdentity {"name":"operations/finished.DONE_OPERATION","done":true,"response":{"@type":"type.googleapis.com/google.api.serviceusage.v1beta1.ServiceIdentity","email":"service-974189460331@gcp-sa-pubsub.iam.gserviceaccount.com","uniqueId":"109134748894732864898"}}
[debug] [2026-08-16T09:38:13.027Z] <<< [apiv2][status] POST https://serviceusage.googleapis.com/v1beta1/projects/974189460331/services/eventarc.googleapis.com:generateServiceIdentity 200
[debug] [2026-08-16T09:38:13.027Z] <<< [apiv2][body] POST https://serviceusage.googleapis.com/v1beta1/projects/974189460331/services/eventarc.googleapis.com:generateServiceIdentity {"name":"operations/finished.DONE_OPERATION","done":true,"response":{"@type":"type.googleapis.com/google.api.serviceusage.v1beta1.ServiceIdentity","email":"service-974189460331@gcp-sa-eventarc.iam.gserviceaccount.com","uniqueId":"117745330990708214883"}}
[debug] [2026-08-16T09:38:13.033Z] Checked if tokens are valid: true, expires at: 1786875896413
[debug] [2026-08-16T09:38:13.033Z] Checked if tokens are valid: true, expires at: 1786875896413
[debug] [2026-08-16T09:38:13.033Z] >>> [apiv2][query] GET https://cloudresourcemanager.googleapis.com/v1/projects/cloudschool-3c1d4 [none]
[debug] [2026-08-16T09:38:13.841Z] <<< [apiv2][status] GET https://cloudresourcemanager.googleapis.com/v1/projects/cloudschool-3c1d4 200
[debug] [2026-08-16T09:38:13.842Z] <<< [apiv2][body] GET https://cloudresourcemanager.googleapis.com/v1/projects/cloudschool-3c1d4 {"projectNumber":"974189460331","projectId":"cloudschool-3c1d4","lifecycleState":"ACTIVE","name":"CloudSchool","labels":{"firebase":"enabled","firebase-core":"disabled"},"createTime":"2026-07-28T16:17:17.658Z"}
[debug] [2026-08-16T09:38:13.843Z] Checked if tokens are valid: true, expires at: 1786875896413
[debug] [2026-08-16T09:38:13.843Z] Checked if tokens are valid: true, expires at: 1786875896413
[debug] [2026-08-16T09:38:13.844Z] >>> [apiv2][query] GET https://compute.googleapis.com/compute/v1/projects/974189460331 [none]
[debug] [2026-08-16T09:38:15.067Z] <<< [apiv2][status] GET https://compute.googleapis.com/compute/v1/projects/974189460331 403
[debug] [2026-08-16T09:38:15.068Z] <<< [apiv2][body] GET https://compute.googleapis.com/compute/v1/projects/974189460331 {"error":{"code":403,"message":"Compute Engine API has not been used in project 974189460331 before or it is disabled. Enable it by visiting https://console.developers.google.com/apis/api/compute.googleapis.com/overview?project=974189460331 then retry. If you enabled this API recently, wait a few minutes for the action to propagate to our systems and retry.","errors":[{"message":"Compute Engine API has not been used in project 974189460331 before or it is disabled. Enable it by visiting https://console.developers.google.com/apis/api/compute.googleapis.com/overview?project=974189460331 then retry. If you enabled this API recently, wait a few minutes for the action to propagate to our systems and retry.","domain":"usageLimits","reason":"accessNotConfigured","extendedHelp":"https://console.developers.google.com"}],"status":"PERMISSION_DENIED","details":[{"@type":"type.googleapis.com/google.rpc.ErrorInfo","reason":"SERVICE_DISABLED","domain":"googleapis.com","metadata":{"containerInfo":"974189460331","activationUrl":"https://console.developers.google.com/apis/api/compute.googleapis.com/overview?project=974189460331","serviceTitle":"Compute Engine API","consumer":"projects/974189460331","service":"compute.googleapis.com"}},{"@type":"type.googleapis.com/google.rpc.LocalizedMessage","locale":"en-US","message":"Compute Engine API has not been used in project 974189460331 before or it is disabled. Enable it by visiting https://console.developers.google.com/apis/api/compute.googleapis.com/overview?project=974189460331 then retry. If you enabled this API recently, wait a few minutes for the action to propagate to our systems and retry."},{"@type":"type.googleapis.com/google.rpc.Help","links":[{"description":"Google developers console API activation","url":"https://console.developers.google.com/apis/api/compute.googleapis.com/overview?project=974189460331"}]}]}}
[debug] [2026-08-16T09:38:15.069Z] unable to look up default compute service account. Falling back to 974189460331-compute@developer.gserviceaccount.com. Error: {"name":"FirebaseError","children":[],"context":{"body":{"error":{"code":403,"message":"Compute Engine API has not been used in project 974189460331 before or it is disabled. Enable it by visiting https://console.developers.google.com/apis/api/compute.googleapis.com/overview?project=974189460331 then retry. If you enabled this API recently, wait a few minutes for the action to propagate to our systems and retry.","errors":[{"message":"Compute Engine API has not been used in project 974189460331 before or it is disabled. Enable it by visiting https://console.developers.google.com/apis/api/compute.googleapis.com/overview?project=974189460331 then retry. If you enabled this API recently, wait a few minutes for the action to propagate to our systems and retry.","domain":"usageLimits","reason":"accessNotConfigured","extendedHelp":"https://console.developers.google.com"}],"status":"PERMISSION_DENIED","details":[{"@type":"type.googleapis.com/google.rpc.ErrorInfo","reason":"SERVICE_DISABLED","domain":"googleapis.com","metadata":{"containerInfo":"974189460331","activationUrl":"https://console.developers.google.com/apis/api/compute.googleapis.com/overview?project=974189460331","serviceTitle":"Compute Engine API","consumer":"projects/974189460331","service":"compute.googleapis.com"}},{"@type":"type.googleapis.com/google.rpc.LocalizedMessage","locale":"en-US","message":"Compute Engine API has not been used in project 974189460331 before or it is disabled. Enable it by visiting https://console.developers.google.com/apis/api/compute.googleapis.com/overview?project=974189460331 then retry. If you enabled this API recently, wait a few minutes for the action to propagate to our systems and retry."},{"@type":"type.googleapis.com/google.rpc.Help","links":[{"description":"Google developers console API activation","url":"https://console.developers.google.com/apis/api/compute.googleapis.com/overview?project=974189460331"}]}]}},"response":{"statusCode":403}},"exit":1,"message":"Request to https://compute.googleapis.com/compute/v1/projects/974189460331 had HTTP Error: 403, Compute Engine API has not been used in project 974189460331 before or it is disabled. Enable it by visiting https://console.developers.google.com/apis/api/compute.googleapis.com/overview?project=974189460331 then retry. If you enabled this API recently, wait a few minutes for the action to propagate to our systems and retry.","status":403}
[debug] [2026-08-16T09:38:15.072Z] Checked if tokens are valid: true, expires at: 1786875896413
[debug] [2026-08-16T09:38:15.073Z] Checked if tokens are valid: true, expires at: 1786875896413
[debug] [2026-08-16T09:38:15.073Z] >>> [apiv2][query] GET https://firebasehosting.googleapis.com/v1beta1/projects/cloudschool-3c1d4/sites/cloudschool-3c1d4 [none]
[debug] [2026-08-16T09:38:17.377Z] <<< [apiv2][status] GET https://firebasehosting.googleapis.com/v1beta1/projects/cloudschool-3c1d4/sites/cloudschool-3c1d4 200
[debug] [2026-08-16T09:38:17.377Z] <<< [apiv2][body] GET https://firebasehosting.googleapis.com/v1beta1/projects/cloudschool-3c1d4/sites/cloudschool-3c1d4 {"name":"projects/cloudschool-3c1d4/sites/cloudschool-3c1d4","defaultUrl":"https://cloudschool-3c1d4.web.app","type":"DEFAULT_SITE"}
[debug] [2026-08-16T09:38:17.380Z] Checked if tokens are valid: true, expires at: 1786875896413
[debug] [2026-08-16T09:38:17.380Z] Checked if tokens are valid: true, expires at: 1786875896413
[debug] [2026-08-16T09:38:17.382Z] >>> [apiv2][query] POST https://firebasehosting.googleapis.com/v1beta1/projects/-/sites/cloudschool-3c1d4/versions [none]
[debug] [2026-08-16T09:38:17.382Z] >>> [apiv2][body] POST https://firebasehosting.googleapis.com/v1beta1/projects/-/sites/cloudschool-3c1d4/versions {"status":"CREATED","labels":{"deployment-tool":"cli-firebase"}}
[debug] [2026-08-16T09:38:20.238Z] <<< [apiv2][status] POST https://firebasehosting.googleapis.com/v1beta1/projects/-/sites/cloudschool-3c1d4/versions 200
[debug] [2026-08-16T09:38:20.238Z] <<< [apiv2][body] POST https://firebasehosting.googleapis.com/v1beta1/projects/-/sites/cloudschool-3c1d4/versions {"name":"projects/974189460331/sites/cloudschool-3c1d4/versions/e7f460cb7ea9f296","status":"CREATED","config":{},"labels":{"deployment-tool":"cli-firebase"}}
[debug] [2026-08-16T09:38:21.562Z] Checked if tokens are valid: true, expires at: 1786875896413
[debug] [2026-08-16T09:38:21.562Z] Checked if tokens are valid: true, expires at: 1786875896413
[debug] [2026-08-16T09:38:21.562Z] >>> [apiv2][query] GET https://cloudbilling.googleapis.com/v1/projects/cloudschool-3c1d4/billingInfo [none]
[debug] [2026-08-16T09:38:21.562Z] >>> [apiv2][(partial)header] GET https://cloudbilling.googleapis.com/v1/projects/cloudschool-3c1d4/billingInfo  x-goog-user-project=cloudschool-3c1d4
[debug] [2026-08-16T09:38:23.313Z] <<< [apiv2][status] GET https://cloudbilling.googleapis.com/v1/projects/cloudschool-3c1d4/billingInfo 200
[debug] [2026-08-16T09:38:23.314Z] <<< [apiv2][body] GET https://cloudbilling.googleapis.com/v1/projects/cloudschool-3c1d4/billingInfo {"name":"projects/cloudschool-3c1d4/billingInfo","projectId":"cloudschool-3c1d4","billingAccountName":"billingAccounts/01A45B-116EE0-764E20","billingEnabled":true}
[debug] [2026-08-16T09:38:23.321Z] Checked if tokens are valid: true, expires at: 1786875896413
[debug] [2026-08-16T09:38:23.322Z] Checked if tokens are valid: true, expires at: 1786875896413
[debug] [2026-08-16T09:38:23.322Z] >>> [apiv2][query] POST https://cloudfunctions.googleapis.com/v2/projects/cloudschool-3c1d4/locations/us-central1/functions:generateUploadUrl [none]
[debug] [2026-08-16T09:38:25.578Z] <<< [apiv2][status] POST https://cloudfunctions.googleapis.com/v2/projects/cloudschool-3c1d4/locations/us-central1/functions:generateUploadUrl 200
[debug] [2026-08-16T09:38:25.579Z] <<< [apiv2][body] POST https://cloudfunctions.googleapis.com/v2/projects/cloudschool-3c1d4/locations/us-central1/functions:generateUploadUrl {"uploadUrl":"https://storage.googleapis.com/gcf-v2-uploads-974189460331.us-central1.cloudfunctions.appspot.com/2670876e-70e9-4e0f-840f-3821d369a54d.zip?GoogleAccessId=service-974189460331@gcf-admin-robot.iam.gserviceaccount.com&Expires=1786874905&Signature=DXfrKFksBz%2FQJ%2BtW1l3cpLhyRwBxXPDIPDYgL9bzR%2Fg%2BYxO1WgujXNSsZq4%2F%2Bpa36vaTiPe3ZCWgNZCzwEdaZP8b2VRpxG8baYWZZIrE7zpyoY0E55YySMu3z9N%2BU0RUIctziwX9b1JfIDxuX0RerKG2JPvmbUHjQT%2Fp2QOfxsiUWg7Slufm4lE2yOlsQHbNVg1Ch6ZKHqQQG2qswu4dbuXAVT132qgXsFvue0Psn%2BkciWI%2BLMv%2BACLttGFfsmMbHpZCTNEq9C7BGOfIGIXNcjyeHhxKmZ%2FL%2BqWEoAsqnRp0heESEqh6vfegU7weJOhPB7knxuSSAzNLQOYgyqtZ6Q%3D%3D","storageSource":{"bucket":"gcf-v2-uploads-974189460331.us-central1.cloudfunctions.appspot.com","object":"2670876e-70e9-4e0f-840f-3821d369a54d.zip"}}
[debug] [2026-08-16T09:38:25.581Z] >>> [apiv2][query] PUT https://storage.googleapis.com/gcf-v2-uploads-974189460331.us-central1.cloudfunctions.appspot.com/2670876e-70e9-4e0f-840f-3821d369a54d.zip GoogleAccessId=service-974189460331%40gcf-admin-robot.iam.gserviceaccount.com&Expires=1786874905&Signature=DXfrKFksBz%2FQJ%2BtW1l3cpLhyRwBxXPDIPDYgL9bzR%2Fg%2BYxO1WgujXNSsZq4%2F%2Bpa36vaTiPe3ZCWgNZCzwEdaZP8b2VRpxG8baYWZZIrE7zpyoY0E55YySMu3z9N%2BU0RUIctziwX9b1JfIDxuX0RerKG2JPvmbUHjQT%2Fp2QOfxsiUWg7Slufm4lE2yOlsQHbNVg1Ch6ZKHqQQG2qswu4dbuXAVT132qgXsFvue0Psn%2BkciWI%2BLMv%2BACLttGFfsmMbHpZCTNEq9C7BGOfIGIXNcjyeHhxKmZ%2FL%2BqWEoAsqnRp0heESEqh6vfegU7weJOhPB7knxuSSAzNLQOYgyqtZ6Q%3D%3D
[debug] [2026-08-16T09:38:25.582Z] >>> [apiv2][body] PUT https://storage.googleapis.com/gcf-v2-uploads-974189460331.us-central1.cloudfunctions.appspot.com/2670876e-70e9-4e0f-840f-3821d369a54d.zip [stream]
[debug] [2026-08-16T09:38:28.549Z] <<< [apiv2][status] PUT https://storage.googleapis.com/gcf-v2-uploads-974189460331.us-central1.cloudfunctions.appspot.com/2670876e-70e9-4e0f-840f-3821d369a54d.zip 200
[debug] [2026-08-16T09:38:28.549Z] <<< [apiv2][body] PUT https://storage.googleapis.com/gcf-v2-uploads-974189460331.us-central1.cloudfunctions.appspot.com/2670876e-70e9-4e0f-840f-3821d369a54d.zip [omitted]
[info] +  functions: functions source uploaded successfully 
[info] i  hosting[cloudschool-3c1d4]: beginning deploy... 
[info] i  hosting[cloudschool-3c1d4]: found 28 files in . 
[debug] [2026-08-16T09:38:28.590Z] [hosting] uploading with 200 concurrency
[debug] [2026-08-16T09:38:28.599Z] Checked if tokens are valid: true, expires at: 1786875896413
[debug] [2026-08-16T09:38:28.599Z] Checked if tokens are valid: true, expires at: 1786875896413
[debug] [2026-08-16T09:38:28.601Z] [hosting] hash cache [] stored for 28 files
[debug] [2026-08-16T09:38:28.602Z] [hosting][hash queue][FINAL] {"max":6,"min":0,"avg":0.4642857142857143,"active":0,"complete":28,"success":28,"errored":0,"retried":0,"total":28,"elapsed":10}
[debug] [2026-08-16T09:38:28.602Z] >>> [apiv2][query] POST https://firebasehosting.googleapis.com/v1beta1/projects/974189460331/sites/cloudschool-3c1d4/versions/e7f460cb7ea9f296:populateFiles [none]
[debug] [2026-08-16T09:38:28.603Z] >>> [apiv2][body] POST https://firebasehosting.googleapis.com/v1beta1/projects/974189460331/sites/cloudschool-3c1d4/versions/e7f460cb7ea9f296:populateFiles {"files":{"/VPDashboard.html":"a42cb2384aebbdee5d9e6933f8f33861497ed2f331201a88e008b7e7ad135c85","/TeacherDashboard.html":"edd668705dba4cfd6e4312be2e47154bfb83ed80d0316e81907ab2cdb977b358","/Subscription_Pricing_Proposal.html":"94848bb4b9a2a93ee6abd83468787baa320d3d43db50811816f93651accfd438","/Styles.html":"39d89ba40e547464af2645b18c9e8868c30242d01e64be53ddd08cc15d837960","/styles.css":"930df29d3680876066ed519bc41e14b4386b41d437406f4676dc0bef5ae511b5","/StudentDashboard.html":"7ae83cbbfd1cfc3da1984a766e21e567e6ff46465968306311cc38720f6d9e47","/scripts.js":"1119dcc5336ace423c17c744b6795414783cf4334f421d194d14bb9ccaaf6729","/Scripts.html":"750244fc6e726ce0df1f074d48826b019518ed17d72d8fa7a0cde9cf0f308bb4","/PrincipalDashboard.html":"13685483047c816f2217d82c0819615a27d1047e9e833aa04bffa29828d76793","/PrimaryTeacherDashboard.html":"959b8c15e94b93c90afdc0e54d36d6391ad1e9c6179a807f641229c88381cbcc","/payload.json":"4f2dd49067915bf06b0a2e9b4c58214966277e3a34121bc80b7f3b844bfda15c","/ParentRegister.html":"04ca84004136b3d3180d9d700b5ca547db488e93f6974bff079ab87dad734382","/ParentDashboard.html":"289dd47889f8bc69e35153cfa3e936b25cfc169382326f8dd9d665f065340cae","/package.json":"f3049ff99813ad3faa02ead85b707e1a073da98e7dd5a4fcd8c7adb848768bba","/package-lock.json":"d409f8ba82a3b07c67790637e045bea9fc706f9c551fea847af47285375a6ec4","/index.html":"35d1708791e07dcb2a62155208246124376693ccddca55bb69309d56a65c59e2","/HeadTeacherDashboard.html":"3512a6dd07c38ed99bac806666b12ccc9227c7a1f9968610a1d6678305d69c94","/fix_syntax.py":"f6ef45a3098b6afc42a2be3630f052abfa0b57bd454814e589844a494d96e6d3","/firestore.indexes.json":"7008120c2b8c8a38ee326091c6a6b9d7b6a04da83681858c5c5f00717c2e43f5","/DeveloperDashboard.html":"b69f10c422ff11a532650b3a22783dfef95f647f3f0d06f060abbe8dc7ece31b","/Cloud_Deployment_Guide.html":"9c07d6c55c31ad05525564955677a222150ffd4454a431b53c5391f321afe7c1","/api.js":"758184e0dd4778197931b05bea8dfcce27e48219f73635c7d016acb313854af3","/AdminDashboard.html":"451793f586a7e5725b3e3aeef7c082c89a6d9b9fa386582572014b24c1042939","/AdminAssistantDashboard.html":"aba0e37572f6c4d159bf144bd6fa3b4a6ae6bd9241d8f2d0b92d697044e0288a","/AccountsDashboard.html":"31e5baed8417291a3c3d7737b89b0403ba3b2a4b58a6d6bdefcb748e81c6ef10","/check_db.js":"1208331aea14eda8847b31c8e354b3f627cbcff4af63f627d4009f4feeb16774","/test_api.js":"0f17c10fc9df05fcb2a888067855010f14dc7590e1428ee714564d8dd0a80e80","/Login.html":"3daa5363cece041ee0b69b58144b3b1f36f069ec10707ca58a7db569564b8929"}}
[debug] [2026-08-16T09:38:30.205Z] <<< [apiv2][status] POST https://firebasehosting.googleapis.com/v1beta1/projects/974189460331/sites/cloudschool-3c1d4/versions/e7f460cb7ea9f296:populateFiles 200
[debug] [2026-08-16T09:38:30.205Z] <<< [apiv2][body] POST https://firebasehosting.googleapis.com/v1beta1/projects/974189460331/sites/cloudschool-3c1d4/versions/e7f460cb7ea9f296:populateFiles {"uploadRequiredHashes":["0f17c10fc9df05fcb2a888067855010f14dc7590e1428ee714564d8dd0a80e80","3daa5363cece041ee0b69b58144b3b1f36f069ec10707ca58a7db569564b8929","1208331aea14eda8847b31c8e354b3f627cbcff4af63f627d4009f4feeb16774"],"uploadUrl":"https://upload-firebasehosting.googleapis.com/upload/sites/cloudschool-3c1d4/versions/e7f460cb7ea9f296/files"}
[debug] [2026-08-16T09:38:30.207Z] Checked if tokens are valid: true, expires at: 1786875896413
[debug] [2026-08-16T09:38:30.207Z] Checked if tokens are valid: true, expires at: 1786875896413
[debug] [2026-08-16T09:38:30.208Z] Checked if tokens are valid: true, expires at: 1786875896413
[debug] [2026-08-16T09:38:30.208Z] Checked if tokens are valid: true, expires at: 1786875896413
[debug] [2026-08-16T09:38:30.208Z] Checked if tokens are valid: true, expires at: 1786875896413
[debug] [2026-08-16T09:38:30.209Z] Checked if tokens are valid: true, expires at: 1786875896413
[debug] [2026-08-16T09:38:30.209Z] >>> [apiv2][query] POST https://upload-firebasehosting.googleapis.com/upload/sites/cloudschool-3c1d4/versions/e7f460cb7ea9f296/files/0f17c10fc9df05fcb2a888067855010f14dc7590e1428ee714564d8dd0a80e80 [none]
[debug] [2026-08-16T09:38:30.209Z] >>> [apiv2][body] POST https://upload-firebasehosting.googleapis.com/upload/sites/cloudschool-3c1d4/versions/e7f460cb7ea9f296/files/0f17c10fc9df05fcb2a888067855010f14dc7590e1428ee714564d8dd0a80e80 [stream]
[debug] [2026-08-16T09:38:30.212Z] >>> [apiv2][query] POST https://upload-firebasehosting.googleapis.com/upload/sites/cloudschool-3c1d4/versions/e7f460cb7ea9f296/files/3daa5363cece041ee0b69b58144b3b1f36f069ec10707ca58a7db569564b8929 [none]
[debug] [2026-08-16T09:38:30.212Z] >>> [apiv2][body] POST https://upload-firebasehosting.googleapis.com/upload/sites/cloudschool-3c1d4/versions/e7f460cb7ea9f296/files/3daa5363cece041ee0b69b58144b3b1f36f069ec10707ca58a7db569564b8929 [stream]
[debug] [2026-08-16T09:38:30.213Z] >>> [apiv2][query] POST https://upload-firebasehosting.googleapis.com/upload/sites/cloudschool-3c1d4/versions/e7f460cb7ea9f296/files/1208331aea14eda8847b31c8e354b3f627cbcff4af63f627d4009f4feeb16774 [none]
[debug] [2026-08-16T09:38:30.213Z] >>> [apiv2][body] POST https://upload-firebasehosting.googleapis.com/upload/sites/cloudschool-3c1d4/versions/e7f460cb7ea9f296/files/1208331aea14eda8847b31c8e354b3f627cbcff4af63f627d4009f4feeb16774 [stream]
[debug] [2026-08-16T09:38:30.218Z] [hosting][populate queue][FINAL] {"max":1610,"min":1610,"avg":1610,"active":0,"complete":1,"success":1,"errored":0,"retried":0,"total":1,"elapsed":1619}
[debug] [2026-08-16T09:38:30.219Z] [hosting] uploads queued: 3
[info] i  hosting: uploading new files [0/3] (0%) 
[info] i  hosting: uploading new files [0/3] (0%) 
[debug] [2026-08-16T09:38:34.565Z] <<< [apiv2][status] POST https://upload-firebasehosting.googleapis.com/upload/sites/cloudschool-3c1d4/versions/e7f460cb7ea9f296/files/0f17c10fc9df05fcb2a888067855010f14dc7590e1428ee714564d8dd0a80e80 200
[debug] [2026-08-16T09:38:34.566Z] <<< [apiv2][body] POST https://upload-firebasehosting.googleapis.com/upload/sites/cloudschool-3c1d4/versions/e7f460cb7ea9f296/files/0f17c10fc9df05fcb2a888067855010f14dc7590e1428ee714564d8dd0a80e80 [stream]
[debug] [2026-08-16T09:38:34.569Z] <<< [apiv2][status] POST https://upload-firebasehosting.googleapis.com/upload/sites/cloudschool-3c1d4/versions/e7f460cb7ea9f296/files/1208331aea14eda8847b31c8e354b3f627cbcff4af63f627d4009f4feeb16774 200
[debug] [2026-08-16T09:38:34.569Z] <<< [apiv2][body] POST https://upload-firebasehosting.googleapis.com/upload/sites/cloudschool-3c1d4/versions/e7f460cb7ea9f296/files/1208331aea14eda8847b31c8e354b3f627cbcff4af63f627d4009f4feeb16774 [stream]
[debug] [2026-08-16T09:38:34.572Z] <<< [apiv2][status] POST https://upload-firebasehosting.googleapis.com/upload/sites/cloudschool-3c1d4/versions/e7f460cb7ea9f296/files/3daa5363cece041ee0b69b58144b3b1f36f069ec10707ca58a7db569564b8929 200
[debug] [2026-08-16T09:38:34.573Z] <<< [apiv2][body] POST https://upload-firebasehosting.googleapis.com/upload/sites/cloudschool-3c1d4/versions/e7f460cb7ea9f296/files/3daa5363cece041ee0b69b58144b3b1f36f069ec10707ca58a7db569564b8929 [stream]
[debug] [2026-08-16T09:38:34.574Z] [hosting][upload queue][FINAL] {"max":4366,"min":4360,"avg":4362.666666666667,"active":0,"complete":3,"success":3,"errored":0,"retried":0,"total":3,"elapsed":4367}
[info] i  hosting: upload complete 
[info] +  hosting[cloudschool-3c1d4]: file upload complete 
[debug] [2026-08-16T09:38:34.575Z] [hosting] deploy completed after 6014ms
[info] i  functions: updating Node.js 22 (2nd Gen) function api(us-central1)... 
[debug] [2026-08-16T09:38:34.587Z] Checked if tokens are valid: true, expires at: 1786875896413
[debug] [2026-08-16T09:38:34.587Z] Checked if tokens are valid: true, expires at: 1786875896413
[debug] [2026-08-16T09:38:34.587Z] >>> [apiv2][query] PATCH https://cloudfunctions.googleapis.com/v2/projects/cloudschool-3c1d4/locations/us-central1/functions/api updateMask=name%2CbuildConfig.runtime%2CbuildConfig.entryPoint%2CbuildConfig.source.storageSource.bucket%2CbuildConfig.source.storageSource.object%2CbuildConfig.environmentVariables%2CbuildConfig.sourceToken%2CserviceConfig.environmentVariables%2CserviceConfig.ingressSettings%2CserviceConfig.timeoutSeconds%2CserviceConfig.serviceAccountEmail%2CserviceConfig.availableMemory%2CserviceConfig.minInstanceCount%2CserviceConfig.maxInstanceCount%2CserviceConfig.maxInstanceRequestConcurrency%2CserviceConfig.availableCpu%2CserviceConfig.vpcConnector%2CserviceConfig.vpcConnectorEgressSettings%2CserviceConfig.directVpcNetworkInterface%2CserviceConfig.directVpcEgress%2Clabels
[debug] [2026-08-16T09:38:34.588Z] >>> [apiv2][body] PATCH https://cloudfunctions.googleapis.com/v2/projects/cloudschool-3c1d4/locations/us-central1/functions/api {"name":"projects/cloudschool-3c1d4/locations/us-central1/functions/api","buildConfig":{"runtime":"nodejs22","entryPoint":"api","source":{"storageSource":{"bucket":"gcf-v2-uploads-974189460331.us-central1.cloudfunctions.appspot.com","object":"2670876e-70e9-4e0f-840f-3821d369a54d.zip"}},"environmentVariables":{"GOOGLE_NODE_RUN_SCRIPTS":""}},"serviceConfig":{"environmentVariables":{"FIREBASE_CONFIG":"{\"projectId\":\"cloudschool-3c1d4\",\"storageBucket\":\"cloudschool-3c1d4.firebasestorage.app\"}","GCLOUD_PROJECT":"cloudschool-3c1d4","EVENTARC_CLOUD_EVENT_SOURCE":"projects/cloudschool-3c1d4/locations/us-central1/services/api","FUNCTION_TARGET":"api","LOG_EXECUTION_ID":"true"},"ingressSettings":null,"timeoutSeconds":null,"serviceAccountEmail":null,"availableMemory":"256Mi","minInstanceCount":null,"maxInstanceCount":null,"maxInstanceRequestConcurrency":80,"availableCpu":"1","vpcConnector":null,"vpcConnectorEgressSettings":null,"directVpcNetworkInterface":null,"directVpcEgress":null},"labels":{"deployment-tool":"cli-firebase","firebase-functions-hash":"36e88ee4b5e67a5f53e9bf55d9c4a5ab57b8bf84"}}
[debug] [2026-08-16T09:38:37.524Z] <<< [apiv2][status] PATCH https://cloudfunctions.googleapis.com/v2/projects/cloudschool-3c1d4/locations/us-central1/functions/api 200
[debug] [2026-08-16T09:38:37.525Z] <<< [apiv2][body] PATCH https://cloudfunctions.googleapis.com/v2/projects/cloudschool-3c1d4/locations/us-central1/functions/api {"name":"projects/cloudschool-3c1d4/locations/us-central1/operations/operation-1786873116214-65926d159c38f-bd175bf1-498cfec2","metadata":{"@type":"type.googleapis.com/google.cloud.functions.v2.OperationMetadata","createTime":"2026-08-16T09:38:37.380529167Z","target":"projects/cloudschool-3c1d4/locations/us-central1/functions/api","verb":"update","cancelRequested":false,"apiVersion":"v2"},"done":false}
[debug] [2026-08-16T09:38:37.528Z] Checked if tokens are valid: true, expires at: 1786875896413
[debug] [2026-08-16T09:38:37.528Z] Checked if tokens are valid: true, expires at: 1786875896413
[debug] [2026-08-16T09:38:37.529Z] >>> [apiv2][query] GET https://cloudfunctions.googleapis.com/v2/projects/cloudschool-3c1d4/locations/us-central1/operations/operation-1786873116214-65926d159c38f-bd175bf1-498cfec2 [none]
[debug] [2026-08-16T09:38:38.930Z] <<< [apiv2][status] GET https://cloudfunctions.googleapis.com/v2/projects/cloudschool-3c1d4/locations/us-central1/operations/operation-1786873116214-65926d159c38f-bd175bf1-498cfec2 200
[debug] [2026-08-16T09:38:38.931Z] <<< [apiv2][body] GET https://cloudfunctions.googleapis.com/v2/projects/cloudschool-3c1d4/locations/us-central1/operations/operation-1786873116214-65926d159c38f-bd175bf1-498cfec2 {"name":"projects/cloudschool-3c1d4/locations/us-central1/operations/operation-1786873116214-65926d159c38f-bd175bf1-498cfec2","metadata":{"@type":"type.googleapis.com/google.cloud.functions.v2.OperationMetadata","createTime":"2026-08-16T09:38:37.380529167Z","target":"projects/cloudschool-3c1d4/locations/us-central1/functions/api","verb":"update","cancelRequested":false,"apiVersion":"v2","requestResource":{"@type":"type.googleapis.com/google.cloud.functions.v2.Function","name":"projects/cloudschool-3c1d4/locations/us-central1/functions/api","buildConfig":{"runtime":"nodejs22","entryPoint":"api","source":{"storageSource":{"bucket":"gcf-v2-sources-974189460331-us-central1","object":"api/function-source.zip","generation":"1786873117214642"}},"environmentVariables":{"GOOGLE_NODE_RUN_SCRIPTS":""},"dockerRepository":"projects/cloudschool-3c1d4/locations/us-central1/repositories/gcf-artifacts","sourceProvenance":{"resolvedStorageSource":{"bucket":"gcf-v2-sources-974189460331-us-central1","object":"api/function-source.zip","generation":"1786822427202815"}},"dockerRegistry":"ARTIFACT_REGISTRY","serviceAccount":"projects/cloudschool-3c1d4/serviceAccounts/974189460331-compute@developer.gserviceaccount.com","automaticUpdatePolicy":{}},"serviceConfig":{"service":"projects/cloudschool-3c1d4/locations/us-central1/services/api","timeoutSeconds":60,"environmentVariables":{"FIREBASE_CONFIG":"{\"projectId\":\"cloudschool-3c1d4\",\"storageBucket\":\"cloudschool-3c1d4.firebasestorage.app\"}","GCLOUD_PROJECT":"cloudschool-3c1d4","EVENTARC_CLOUD_EVENT_SOURCE":"projects/cloudschool-3c1d4/locations/us-central1/services/api","FUNCTION_TARGET":"api","LOG_EXECUTION_ID":"true"},"ingressSettings":"ALLOW_ALL","uri":"https://api-2jtv46nvba-uc.a.run.app","serviceAccountEmail":"974189460331-compute@developer.gserviceaccount.com","availableMemory":"256Mi","allTrafficOnLatestRevision":true,"revision":"api-00103-vut","maxInstanceRequestConcurrency":80,"availableCpu":"1"},"state":"ACTIVE","labels":{"deployment-tool":"cli-firebase","firebase-functions-hash":"36e88ee4b5e67a5f53e9bf55d9c4a5ab57b8bf84"},"environment":"GEN_2","url":"https://us-central1-cloudschool-3c1d4.cloudfunctions.net/api","satisfiesPzi":true},"stages":[{"name":"BUILD","message":"Build in progress","state":"IN_PROGRESS","resource":"projects/974189460331/locations/us-central1/builds/ab27eeb9-b216-4877-a0f4-d1cd618c3811","resourceUri":"https://console.cloud.google.com/cloud-build/builds;region=us-central1/ab27eeb9-b216-4877-a0f4-d1cd618c3811?project=974189460331"},{"name":"SERVICE","state":"NOT_STARTED"}],"operationType":"UPDATE_FUNCTION","buildName":"projects/974189460331/locations/us-central1/builds/ab27eeb9-b216-4877-a0f4-d1cd618c3811"},"done":false}
[debug] [2026-08-16T09:38:39.443Z] [update-default-us-central1-api] Retrying task index 0
[debug] [2026-08-16T09:38:39.444Z] Checked if tokens are valid: true, expires at: 1786875896413
[debug] [2026-08-16T09:38:39.445Z] Checked if tokens are valid: true, expires at: 1786875896413
[debug] [2026-08-16T09:38:39.445Z] >>> [apiv2][query] GET https://cloudfunctions.googleapis.com/v2/projects/cloudschool-3c1d4/locations/us-central1/operations/operation-1786873116214-65926d159c38f-bd175bf1-498cfec2 [none]
[debug] [2026-08-16T09:38:40.327Z] <<< [apiv2][status] GET https://cloudfunctions.googleapis.com/v2/projects/cloudschool-3c1d4/locations/us-central1/operations/operation-1786873116214-65926d159c38f-bd175bf1-498cfec2 200
[debug] [2026-08-16T09:38:40.328Z] <<< [apiv2][body] GET https://cloudfunctions.googleapis.com/v2/projects/cloudschool-3c1d4/locations/us-central1/operations/operation-1786873116214-65926d159c38f-bd175bf1-498cfec2 {"name":"projects/cloudschool-3c1d4/locations/us-central1/operations/operation-1786873116214-65926d159c38f-bd175bf1-498cfec2","metadata":{"@type":"type.googleapis.com/google.cloud.functions.v2.OperationMetadata","createTime":"2026-08-16T09:38:37.380529167Z","target":"projects/cloudschool-3c1d4/locations/us-central1/functions/api","verb":"update","cancelRequested":false,"apiVersion":"v2","requestResource":{"@type":"type.googleapis.com/google.cloud.functions.v2.Function","name":"projects/cloudschool-3c1d4/locations/us-central1/functions/api","buildConfig":{"runtime":"nodejs22","entryPoint":"api","source":{"storageSource":{"bucket":"gcf-v2-sources-974189460331-us-central1","object":"api/function-source.zip","generation":"1786873117214642"}},"environmentVariables":{"GOOGLE_NODE_RUN_SCRIPTS":""},"dockerRepository":"projects/cloudschool-3c1d4/locations/us-central1/repositories/gcf-artifacts","sourceProvenance":{"resolvedStorageSource":{"bucket":"gcf-v2-sources-974189460331-us-central1","object":"api/function-source.zip","generation":"1786822427202815"}},"dockerRegistry":"ARTIFACT_REGISTRY","serviceAccount":"projects/cloudschool-3c1d4/serviceAccounts/974189460331-compute@developer.gserviceaccount.com","automaticUpdatePolicy":{}},"serviceConfig":{"service":"projects/cloudschool-3c1d4/locations/us-central1/services/api","timeoutSeconds":60,"environmentVariables":{"FIREBASE_CONFIG":"{\"projectId\":\"cloudschool-3c1d4\",\"storageBucket\":\"cloudschool-3c1d4.firebasestorage.app\"}","GCLOUD_PROJECT":"cloudschool-3c1d4","EVENTARC_CLOUD_EVENT_SOURCE":"projects/cloudschool-3c1d4/locations/us-central1/services/api","FUNCTION_TARGET":"api","LOG_EXECUTION_ID":"true"},"ingressSettings":"ALLOW_ALL","uri":"https://api-2jtv46nvba-uc.a.run.app","serviceAccountEmail":"974189460331-compute@developer.gserviceaccount.com","availableMemory":"256Mi","allTrafficOnLatestRevision":true,"revision":"api-00103-vut","maxInstanceRequestConcurrency":80,"availableCpu":"1"},"state":"ACTIVE","labels":{"deployment-tool":"cli-firebase","firebase-functions-hash":"36e88ee4b5e67a5f53e9bf55d9c4a5ab57b8bf84"},"environment":"GEN_2","url":"https://us-central1-cloudschool-3c1d4.cloudfunctions.net/api","satisfiesPzi":true},"stages":[{"name":"BUILD","message":"Build in progress","state":"IN_PROGRESS","resource":"projects/974189460331/locations/us-central1/builds/ab27eeb9-b216-4877-a0f4-d1cd618c3811","resourceUri":"https://console.cloud.google.com/cloud-build/builds;region=us-central1/ab27eeb9-b216-4877-a0f4-d1cd618c3811?project=974189460331"},{"name":"SERVICE","state":"NOT_STARTED"}],"operationType":"UPDATE_FUNCTION","buildName":"projects/974189460331/locations/us-central1/builds/ab27eeb9-b216-4877-a0f4-d1cd618c3811"},"done":false}
[debug] [2026-08-16T09:38:41.340Z] [update-default-us-central1-api] Retrying task index 0
[debug] [2026-08-16T09:38:41.341Z] Checked if tokens are valid: true, expires at: 1786875896413
[debug] [2026-08-16T09:38:41.342Z] Checked if tokens are valid: true, expires at: 1786875896413
[debug] [2026-08-16T09:38:41.342Z] >>> [apiv2][query] GET https://cloudfunctions.googleapis.com/v2/projects/cloudschool-3c1d4/locations/us-central1/operations/operation-1786873116214-65926d159c38f-bd175bf1-498cfec2 [none]
[debug] [2026-08-16T09:38:42.249Z] <<< [apiv2][status] GET https://cloudfunctions.googleapis.com/v2/projects/cloudschool-3c1d4/locations/us-central1/operations/operation-1786873116214-65926d159c38f-bd175bf1-498cfec2 200
[debug] [2026-08-16T09:38:42.249Z] <<< [apiv2][body] GET https://cloudfunctions.googleapis.com/v2/projects/cloudschool-3c1d4/locations/us-central1/operations/operation-1786873116214-65926d159c38f-bd175bf1-498cfec2 {"name":"projects/cloudschool-3c1d4/locations/us-central1/operations/operation-1786873116214-65926d159c38f-bd175bf1-498cfec2","metadata":{"@type":"type.googleapis.com/google.cloud.functions.v2.OperationMetadata","createTime":"2026-08-16T09:38:37.380529167Z","target":"projects/cloudschool-3c1d4/locations/us-central1/functions/api","verb":"update","cancelRequested":false,"apiVersion":"v2","requestResource":{"@type":"type.googleapis.com/google.cloud.functions.v2.Function","name":"projects/cloudschool-3c1d4/locations/us-central1/functions/api","buildConfig":{"runtime":"nodejs22","entryPoint":"api","source":{"storageSource":{"bucket":"gcf-v2-sources-974189460331-us-central1","object":"api/function-source.zip","generation":"1786873117214642"}},"environmentVariables":{"GOOGLE_NODE_RUN_SCRIPTS":""},"dockerRepository":"projects/cloudschool-3c1d4/locations/us-central1/repositories/gcf-artifacts","sourceProvenance":{"resolvedStorageSource":{"bucket":"gcf-v2-sources-974189460331-us-central1","object":"api/function-source.zip","generation":"1786822427202815"}},"dockerRegistry":"ARTIFACT_REGISTRY","serviceAccount":"projects/cloudschool-3c1d4/serviceAccounts/974189460331-compute@developer.gserviceaccount.com","automaticUpdatePolicy":{}},"serviceConfig":{"service":"projects/cloudschool-3c1d4/locations/us-central1/services/api","timeoutSeconds":60,"environmentVariables":{"FIREBASE_CONFIG":"{\"projectId\":\"cloudschool-3c1d4\",\"storageBucket\":\"cloudschool-3c1d4.firebasestorage.app\"}","GCLOUD_PROJECT":"cloudschool-3c1d4","EVENTARC_CLOUD_EVENT_SOURCE":"projects/cloudschool-3c1d4/locations/us-central1/services/api","FUNCTION_TARGET":"api","LOG_EXECUTION_ID":"true"},"ingressSettings":"ALLOW_ALL","uri":"https://api-2jtv46nvba-uc.a.run.app","serviceAccountEmail":"974189460331-compute@developer.gserviceaccount.com","availableMemory":"256Mi","allTrafficOnLatestRevision":true,"revision":"api-00103-vut","maxInstanceRequestConcurrency":80,"availableCpu":"1"},"state":"ACTIVE","labels":{"deployment-tool":"cli-firebase","firebase-functions-hash":"36e88ee4b5e67a5f53e9bf55d9c4a5ab57b8bf84"},"environment":"GEN_2","url":"https://us-central1-cloudschool-3c1d4.cloudfunctions.net/api","satisfiesPzi":true},"stages":[{"name":"BUILD","message":"Build in progress","state":"IN_PROGRESS","resource":"projects/974189460331/locations/us-central1/builds/ab27eeb9-b216-4877-a0f4-d1cd618c3811","resourceUri":"https://console.cloud.google.com/cloud-build/builds;region=us-central1/ab27eeb9-b216-4877-a0f4-d1cd618c3811?project=974189460331"},{"name":"SERVICE","state":"NOT_STARTED"}],"operationType":"UPDATE_FUNCTION","buildName":"projects/974189460331/locations/us-central1/builds/ab27eeb9-b216-4877-a0f4-d1cd618c3811"},"done":false}
[debug] [2026-08-16T09:38:44.255Z] [update-default-us-central1-api] Retrying task index 0
[debug] [2026-08-16T09:38:44.256Z] Checked if tokens are valid: true, expires at: 1786875896413
[debug] [2026-08-16T09:38:44.257Z] Checked if tokens are valid: true, expires at: 1786875896413
[debug] [2026-08-16T09:38:44.257Z] >>> [apiv2][query] GET https://cloudfunctions.googleapis.com/v2/projects/cloudschool-3c1d4/locations/us-central1/operations/operation-1786873116214-65926d159c38f-bd175bf1-498cfec2 [none]
[debug] [2026-08-16T09:38:45.124Z] <<< [apiv2][status] GET https://cloudfunctions.googleapis.com/v2/projects/cloudschool-3c1d4/locations/us-central1/operations/operation-1786873116214-65926d159c38f-bd175bf1-498cfec2 200
[debug] [2026-08-16T09:38:45.124Z] <<< [apiv2][body] GET https://cloudfunctions.googleapis.com/v2/projects/cloudschool-3c1d4/locations/us-central1/operations/operation-1786873116214-65926d159c38f-bd175bf1-498cfec2 {"name":"projects/cloudschool-3c1d4/locations/us-central1/operations/operation-1786873116214-65926d159c38f-bd175bf1-498cfec2","metadata":{"@type":"type.googleapis.com/google.cloud.functions.v2.OperationMetadata","createTime":"2026-08-16T09:38:37.380529167Z","target":"projects/cloudschool-3c1d4/locations/us-central1/functions/api","verb":"update","cancelRequested":false,"apiVersion":"v2","requestResource":{"@type":"type.googleapis.com/google.cloud.functions.v2.Function","name":"projects/cloudschool-3c1d4/locations/us-central1/functions/api","buildConfig":{"runtime":"nodejs22","entryPoint":"api","source":{"storageSource":{"bucket":"gcf-v2-sources-974189460331-us-central1","object":"api/function-source.zip","generation":"1786873117214642"}},"environmentVariables":{"GOOGLE_NODE_RUN_SCRIPTS":""},"dockerRepository":"projects/cloudschool-3c1d4/locations/us-central1/repositories/gcf-artifacts","sourceProvenance":{"resolvedStorageSource":{"bucket":"gcf-v2-sources-974189460331-us-central1","object":"api/function-source.zip","generation":"1786822427202815"}},"dockerRegistry":"ARTIFACT_REGISTRY","serviceAccount":"projects/cloudschool-3c1d4/serviceAccounts/974189460331-compute@developer.gserviceaccount.com","automaticUpdatePolicy":{}},"serviceConfig":{"service":"projects/cloudschool-3c1d4/locations/us-central1/services/api","timeoutSeconds":60,"environmentVariables":{"FIREBASE_CONFIG":"{\"projectId\":\"cloudschool-3c1d4\",\"storageBucket\":\"cloudschool-3c1d4.firebasestorage.app\"}","GCLOUD_PROJECT":"cloudschool-3c1d4","EVENTARC_CLOUD_EVENT_SOURCE":"projects/cloudschool-3c1d4/locations/us-central1/services/api","FUNCTION_TARGET":"api","LOG_EXECUTION_ID":"true"},"ingressSettings":"ALLOW_ALL","uri":"https://api-2jtv46nvba-uc.a.run.app","serviceAccountEmail":"974189460331-compute@developer.gserviceaccount.com","availableMemory":"256Mi","allTrafficOnLatestRevision":true,"revision":"api-00103-vut","maxInstanceRequestConcurrency":80,"availableCpu":"1"},"state":"ACTIVE","labels":{"deployment-tool":"cli-firebase","firebase-functions-hash":"36e88ee4b5e67a5f53e9bf55d9c4a5ab57b8bf84"},"environment":"GEN_2","url":"https://us-central1-cloudschool-3c1d4.cloudfunctions.net/api","satisfiesPzi":true},"stages":[{"name":"BUILD","message":"Build in progress","state":"IN_PROGRESS","resource":"projects/974189460331/locations/us-central1/builds/ab27eeb9-b216-4877-a0f4-d1cd618c3811","resourceUri":"https://console.cloud.google.com/cloud-build/builds;region=us-central1/ab27eeb9-b216-4877-a0f4-d1cd618c3811?project=974189460331"},{"name":"SERVICE","state":"NOT_STARTED"}],"operationType":"UPDATE_FUNCTION","buildName":"projects/974189460331/locations/us-central1/builds/ab27eeb9-b216-4877-a0f4-d1cd618c3811"},"done":false}
[debug] [2026-08-16T09:38:49.135Z] [update-default-us-central1-api] Retrying task index 0
[debug] [2026-08-16T09:38:49.136Z] Checked if tokens are valid: true, expires at: 1786875896413
[debug] [2026-08-16T09:38:49.137Z] Checked if tokens are valid: true, expires at: 1786875896413
[debug] [2026-08-16T09:38:49.137Z] >>> [apiv2][query] GET https://cloudfunctions.googleapis.com/v2/projects/cloudschool-3c1d4/locations/us-central1/operations/operation-1786873116214-65926d159c38f-bd175bf1-498cfec2 [none]
[debug] [2026-08-16T09:38:50.602Z] <<< [apiv2][status] GET https://cloudfunctions.googleapis.com/v2/projects/cloudschool-3c1d4/locations/us-central1/operations/operation-1786873116214-65926d159c38f-bd175bf1-498cfec2 200
[debug] [2026-08-16T09:38:50.602Z] <<< [apiv2][body] GET https://cloudfunctions.googleapis.com/v2/projects/cloudschool-3c1d4/locations/us-central1/operations/operation-1786873116214-65926d159c38f-bd175bf1-498cfec2 {"name":"projects/cloudschool-3c1d4/locations/us-central1/operations/operation-1786873116214-65926d159c38f-bd175bf1-498cfec2","metadata":{"@type":"type.googleapis.com/google.cloud.functions.v2.OperationMetadata","createTime":"2026-08-16T09:38:37.380529167Z","target":"projects/cloudschool-3c1d4/locations/us-central1/functions/api","verb":"update","cancelRequested":false,"apiVersion":"v2","requestResource":{"@type":"type.googleapis.com/google.cloud.functions.v2.Function","name":"projects/cloudschool-3c1d4/locations/us-central1/functions/api","buildConfig":{"runtime":"nodejs22","entryPoint":"api","source":{"storageSource":{"bucket":"gcf-v2-sources-974189460331-us-central1","object":"api/function-source.zip","generation":"1786873117214642"}},"environmentVariables":{"GOOGLE_NODE_RUN_SCRIPTS":""},"dockerRepository":"projects/cloudschool-3c1d4/locations/us-central1/repositories/gcf-artifacts","sourceProvenance":{"resolvedStorageSource":{"bucket":"gcf-v2-sources-974189460331-us-central1","object":"api/function-source.zip","generation":"1786822427202815"}},"dockerRegistry":"ARTIFACT_REGISTRY","serviceAccount":"projects/cloudschool-3c1d4/serviceAccounts/974189460331-compute@developer.gserviceaccount.com","automaticUpdatePolicy":{}},"serviceConfig":{"service":"projects/cloudschool-3c1d4/locations/us-central1/services/api","timeoutSeconds":60,"environmentVariables":{"FIREBASE_CONFIG":"{\"projectId\":\"cloudschool-3c1d4\",\"storageBucket\":\"cloudschool-3c1d4.firebasestorage.app\"}","GCLOUD_PROJECT":"cloudschool-3c1d4","EVENTARC_CLOUD_EVENT_SOURCE":"projects/cloudschool-3c1d4/locations/us-central1/services/api","FUNCTION_TARGET":"api","LOG_EXECUTION_ID":"true"},"ingressSettings":"ALLOW_ALL","uri":"https://api-2jtv46nvba-uc.a.run.app","serviceAccountEmail":"974189460331-compute@developer.gserviceaccount.com","availableMemory":"256Mi","allTrafficOnLatestRevision":true,"revision":"api-00103-vut","maxInstanceRequestConcurrency":80,"availableCpu":"1"},"state":"ACTIVE","labels":{"deployment-tool":"cli-firebase","firebase-functions-hash":"36e88ee4b5e67a5f53e9bf55d9c4a5ab57b8bf84"},"environment":"GEN_2","url":"https://us-central1-cloudschool-3c1d4.cloudfunctions.net/api","satisfiesPzi":true},"stages":[{"name":"BUILD","message":"Build in progress","state":"IN_PROGRESS","resource":"projects/974189460331/locations/us-central1/builds/ab27eeb9-b216-4877-a0f4-d1cd618c3811","resourceUri":"https://console.cloud.google.com/cloud-build/builds;region=us-central1/ab27eeb9-b216-4877-a0f4-d1cd618c3811?project=974189460331"},{"name":"SERVICE","state":"NOT_STARTED"}],"operationType":"UPDATE_FUNCTION","buildName":"projects/974189460331/locations/us-central1/builds/ab27eeb9-b216-4877-a0f4-d1cd618c3811"},"done":false}
[debug] [2026-08-16T09:38:58.606Z] [update-default-us-central1-api] Retrying task index 0
[debug] [2026-08-16T09:38:58.606Z] Checked if tokens are valid: true, expires at: 1786875896413
[debug] [2026-08-16T09:38:58.606Z] Checked if tokens are valid: true, expires at: 1786875896413
[debug] [2026-08-16T09:38:58.607Z] >>> [apiv2][query] GET https://cloudfunctions.googleapis.com/v2/projects/cloudschool-3c1d4/locations/us-central1/operations/operation-1786873116214-65926d159c38f-bd175bf1-498cfec2 [none]
[debug] [2026-08-16T09:39:00.916Z] <<< [apiv2][status] GET https://cloudfunctions.googleapis.com/v2/projects/cloudschool-3c1d4/locations/us-central1/operations/operation-1786873116214-65926d159c38f-bd175bf1-498cfec2 200
[debug] [2026-08-16T09:39:00.916Z] <<< [apiv2][body] GET https://cloudfunctions.googleapis.com/v2/projects/cloudschool-3c1d4/locations/us-central1/operations/operation-1786873116214-65926d159c38f-bd175bf1-498cfec2 {"name":"projects/cloudschool-3c1d4/locations/us-central1/operations/operation-1786873116214-65926d159c38f-bd175bf1-498cfec2","metadata":{"@type":"type.googleapis.com/google.cloud.functions.v2.OperationMetadata","createTime":"2026-08-16T09:38:37.380529167Z","target":"projects/cloudschool-3c1d4/locations/us-central1/functions/api","verb":"update","cancelRequested":false,"apiVersion":"v2","requestResource":{"@type":"type.googleapis.com/google.cloud.functions.v2.Function","name":"projects/cloudschool-3c1d4/locations/us-central1/functions/api","buildConfig":{"runtime":"nodejs22","entryPoint":"api","source":{"storageSource":{"bucket":"gcf-v2-sources-974189460331-us-central1","object":"api/function-source.zip","generation":"1786873117214642"}},"environmentVariables":{"GOOGLE_NODE_RUN_SCRIPTS":""},"dockerRepository":"projects/cloudschool-3c1d4/locations/us-central1/repositories/gcf-artifacts","sourceProvenance":{"resolvedStorageSource":{"bucket":"gcf-v2-sources-974189460331-us-central1","object":"api/function-source.zip","generation":"1786822427202815"}},"dockerRegistry":"ARTIFACT_REGISTRY","serviceAccount":"projects/cloudschool-3c1d4/serviceAccounts/974189460331-compute@developer.gserviceaccount.com","automaticUpdatePolicy":{}},"serviceConfig":{"service":"projects/cloudschool-3c1d4/locations/us-central1/services/api","timeoutSeconds":60,"environmentVariables":{"FIREBASE_CONFIG":"{\"projectId\":\"cloudschool-3c1d4\",\"storageBucket\":\"cloudschool-3c1d4.firebasestorage.app\"}","GCLOUD_PROJECT":"cloudschool-3c1d4","EVENTARC_CLOUD_EVENT_SOURCE":"projects/cloudschool-3c1d4/locations/us-central1/services/api","FUNCTION_TARGET":"api","LOG_EXECUTION_ID":"true"},"ingressSettings":"ALLOW_ALL","uri":"https://api-2jtv46nvba-uc.a.run.app","serviceAccountEmail":"974189460331-compute@developer.gserviceaccount.com","availableMemory":"256Mi","allTrafficOnLatestRevision":true,"revision":"api-00103-vut","maxInstanceRequestConcurrency":80,"availableCpu":"1"},"state":"ACTIVE","labels":{"deployment-tool":"cli-firebase","firebase-functions-hash":"36e88ee4b5e67a5f53e9bf55d9c4a5ab57b8bf84"},"environment":"GEN_2","url":"https://us-central1-cloudschool-3c1d4.cloudfunctions.net/api","satisfiesPzi":true},"stages":[{"name":"BUILD","message":"Build in progress","state":"IN_PROGRESS","resource":"projects/974189460331/locations/us-central1/builds/ab27eeb9-b216-4877-a0f4-d1cd618c3811","resourceUri":"https://console.cloud.google.com/cloud-build/builds;region=us-central1/ab27eeb9-b216-4877-a0f4-d1cd618c3811?project=974189460331"},{"name":"SERVICE","state":"NOT_STARTED"}],"operationType":"UPDATE_FUNCTION","buildName":"projects/974189460331/locations/us-central1/builds/ab27eeb9-b216-4877-a0f4-d1cd618c3811"},"done":false}
[debug] [2026-08-16T09:39:10.923Z] [update-default-us-central1-api] Retrying task index 0
[debug] [2026-08-16T09:39:10.924Z] Checked if tokens are valid: true, expires at: 1786875896413
[debug] [2026-08-16T09:39:10.925Z] Checked if tokens are valid: true, expires at: 1786875896413
[debug] [2026-08-16T09:39:10.926Z] >>> [apiv2][query] GET https://cloudfunctions.googleapis.com/v2/projects/cloudschool-3c1d4/locations/us-central1/operations/operation-1786873116214-65926d159c38f-bd175bf1-498cfec2 [none]
[debug] [2026-08-16T09:39:12.611Z] <<< [apiv2][status] GET https://cloudfunctions.googleapis.com/v2/projects/cloudschool-3c1d4/locations/us-central1/operations/operation-1786873116214-65926d159c38f-bd175bf1-498cfec2 200
[debug] [2026-08-16T09:39:12.612Z] <<< [apiv2][body] GET https://cloudfunctions.googleapis.com/v2/projects/cloudschool-3c1d4/locations/us-central1/operations/operation-1786873116214-65926d159c38f-bd175bf1-498cfec2 {"name":"projects/cloudschool-3c1d4/locations/us-central1/operations/operation-1786873116214-65926d159c38f-bd175bf1-498cfec2","metadata":{"@type":"type.googleapis.com/google.cloud.functions.v2.OperationMetadata","createTime":"2026-08-16T09:38:37.380529167Z","target":"projects/cloudschool-3c1d4/locations/us-central1/functions/api","verb":"update","cancelRequested":false,"apiVersion":"v2","requestResource":{"@type":"type.googleapis.com/google.cloud.functions.v2.Function","name":"projects/cloudschool-3c1d4/locations/us-central1/functions/api","buildConfig":{"runtime":"nodejs22","entryPoint":"api","source":{"storageSource":{"bucket":"gcf-v2-sources-974189460331-us-central1","object":"api/function-source.zip","generation":"1786873117214642"}},"environmentVariables":{"GOOGLE_NODE_RUN_SCRIPTS":""},"dockerRepository":"projects/cloudschool-3c1d4/locations/us-central1/repositories/gcf-artifacts","sourceProvenance":{"resolvedStorageSource":{"bucket":"gcf-v2-sources-974189460331-us-central1","object":"api/function-source.zip","generation":"1786822427202815"}},"dockerRegistry":"ARTIFACT_REGISTRY","serviceAccount":"projects/cloudschool-3c1d4/serviceAccounts/974189460331-compute@developer.gserviceaccount.com","automaticUpdatePolicy":{}},"serviceConfig":{"service":"projects/cloudschool-3c1d4/locations/us-central1/services/api","timeoutSeconds":60,"environmentVariables":{"FIREBASE_CONFIG":"{\"projectId\":\"cloudschool-3c1d4\",\"storageBucket\":\"cloudschool-3c1d4.firebasestorage.app\"}","GCLOUD_PROJECT":"cloudschool-3c1d4","EVENTARC_CLOUD_EVENT_SOURCE":"projects/cloudschool-3c1d4/locations/us-central1/services/api","FUNCTION_TARGET":"api","LOG_EXECUTION_ID":"true"},"ingressSettings":"ALLOW_ALL","uri":"https://api-2jtv46nvba-uc.a.run.app","serviceAccountEmail":"974189460331-compute@developer.gserviceaccount.com","availableMemory":"256Mi","allTrafficOnLatestRevision":true,"revision":"api-00103-vut","maxInstanceRequestConcurrency":80,"availableCpu":"1"},"state":"ACTIVE","labels":{"deployment-tool":"cli-firebase","firebase-functions-hash":"36e88ee4b5e67a5f53e9bf55d9c4a5ab57b8bf84"},"environment":"GEN_2","url":"https://us-central1-cloudschool-3c1d4.cloudfunctions.net/api","satisfiesPzi":true},"stages":[{"name":"BUILD","message":"Build in progress","state":"IN_PROGRESS","resource":"projects/974189460331/locations/us-central1/builds/ab27eeb9-b216-4877-a0f4-d1cd618c3811","resourceUri":"https://console.cloud.google.com/cloud-build/builds;region=us-central1/ab27eeb9-b216-4877-a0f4-d1cd618c3811?project=974189460331"},{"name":"SERVICE","state":"NOT_STARTED"}],"operationType":"UPDATE_FUNCTION","buildName":"projects/974189460331/locations/us-central1/builds/ab27eeb9-b216-4877-a0f4-d1cd618c3811"},"done":false}
[debug] [2026-08-16T09:39:22.614Z] [update-default-us-central1-api] Retrying task index 0
[debug] [2026-08-16T09:39:22.615Z] Checked if tokens are valid: true, expires at: 1786875896413
[debug] [2026-08-16T09:39:22.615Z] Checked if tokens are valid: true, expires at: 1786875896413
[debug] [2026-08-16T09:39:22.616Z] >>> [apiv2][query] GET https://cloudfunctions.googleapis.com/v2/projects/cloudschool-3c1d4/locations/us-central1/operations/operation-1786873116214-65926d159c38f-bd175bf1-498cfec2 [none]
[debug] [2026-08-16T09:39:24.947Z] <<< [apiv2][status] GET https://cloudfunctions.googleapis.com/v2/projects/cloudschool-3c1d4/locations/us-central1/operations/operation-1786873116214-65926d159c38f-bd175bf1-498cfec2 200
[debug] [2026-08-16T09:39:24.948Z] <<< [apiv2][body] GET https://cloudfunctions.googleapis.com/v2/projects/cloudschool-3c1d4/locations/us-central1/operations/operation-1786873116214-65926d159c38f-bd175bf1-498cfec2 {"name":"projects/cloudschool-3c1d4/locations/us-central1/operations/operation-1786873116214-65926d159c38f-bd175bf1-498cfec2","metadata":{"@type":"type.googleapis.com/google.cloud.functions.v2.OperationMetadata","createTime":"2026-08-16T09:38:37.380529167Z","target":"projects/cloudschool-3c1d4/locations/us-central1/functions/api","verb":"update","cancelRequested":false,"apiVersion":"v2","requestResource":{"@type":"type.googleapis.com/google.cloud.functions.v2.Function","name":"projects/cloudschool-3c1d4/locations/us-central1/functions/api","buildConfig":{"runtime":"nodejs22","entryPoint":"api","source":{"storageSource":{"bucket":"gcf-v2-sources-974189460331-us-central1","object":"api/function-source.zip","generation":"1786873117214642"}},"environmentVariables":{"GOOGLE_NODE_RUN_SCRIPTS":""},"dockerRepository":"projects/cloudschool-3c1d4/locations/us-central1/repositories/gcf-artifacts","sourceProvenance":{"resolvedStorageSource":{"bucket":"gcf-v2-sources-974189460331-us-central1","object":"api/function-source.zip","generation":"1786822427202815"}},"dockerRegistry":"ARTIFACT_REGISTRY","serviceAccount":"projects/cloudschool-3c1d4/serviceAccounts/974189460331-compute@developer.gserviceaccount.com","automaticUpdatePolicy":{}},"serviceConfig":{"service":"projects/cloudschool-3c1d4/locations/us-central1/services/api","timeoutSeconds":60,"environmentVariables":{"FIREBASE_CONFIG":"{\"projectId\":\"cloudschool-3c1d4\",\"storageBucket\":\"cloudschool-3c1d4.firebasestorage.app\"}","GCLOUD_PROJECT":"cloudschool-3c1d4","EVENTARC_CLOUD_EVENT_SOURCE":"projects/cloudschool-3c1d4/locations/us-central1/services/api","FUNCTION_TARGET":"api","LOG_EXECUTION_ID":"true"},"ingressSettings":"ALLOW_ALL","uri":"https://api-2jtv46nvba-uc.a.run.app","serviceAccountEmail":"974189460331-compute@developer.gserviceaccount.com","availableMemory":"256Mi","allTrafficOnLatestRevision":true,"revision":"api-00103-vut","maxInstanceRequestConcurrency":80,"availableCpu":"1"},"state":"ACTIVE","labels":{"deployment-tool":"cli-firebase","firebase-functions-hash":"36e88ee4b5e67a5f53e9bf55d9c4a5ab57b8bf84"},"environment":"GEN_2","url":"https://us-central1-cloudschool-3c1d4.cloudfunctions.net/api","satisfiesPzi":true},"stages":[{"name":"BUILD","message":"Build in progress","state":"IN_PROGRESS","resource":"projects/974189460331/locations/us-central1/builds/ab27eeb9-b216-4877-a0f4-d1cd618c3811","resourceUri":"https://console.cloud.google.com/cloud-build/builds;region=us-central1/ab27eeb9-b216-4877-a0f4-d1cd618c3811?project=974189460331"},{"name":"SERVICE","state":"NOT_STARTED"}],"operationType":"UPDATE_FUNCTION","buildName":"projects/974189460331/locations/us-central1/builds/ab27eeb9-b216-4877-a0f4-d1cd618c3811"},"done":false}
[debug] [2026-08-16T09:39:34.949Z] [update-default-us-central1-api] Retrying task index 0
[debug] [2026-08-16T09:39:34.951Z] Checked if tokens are valid: true, expires at: 1786875896413
[debug] [2026-08-16T09:39:34.951Z] Checked if tokens are valid: true, expires at: 1786875896413
[debug] [2026-08-16T09:39:34.952Z] >>> [apiv2][query] GET https://cloudfunctions.googleapis.com/v2/projects/cloudschool-3c1d4/locations/us-central1/operations/operation-1786873116214-65926d159c38f-bd175bf1-498cfec2 [none]
[debug] [2026-08-16T09:39:36.318Z] <<< [apiv2][status] GET https://cloudfunctions.googleapis.com/v2/projects/cloudschool-3c1d4/locations/us-central1/operations/operation-1786873116214-65926d159c38f-bd175bf1-498cfec2 200
[debug] [2026-08-16T09:39:36.318Z] <<< [apiv2][body] GET https://cloudfunctions.googleapis.com/v2/projects/cloudschool-3c1d4/locations/us-central1/operations/operation-1786873116214-65926d159c38f-bd175bf1-498cfec2 {"name":"projects/cloudschool-3c1d4/locations/us-central1/operations/operation-1786873116214-65926d159c38f-bd175bf1-498cfec2","metadata":{"@type":"type.googleapis.com/google.cloud.functions.v2.OperationMetadata","createTime":"2026-08-16T09:38:37.380529167Z","target":"projects/cloudschool-3c1d4/locations/us-central1/functions/api","verb":"update","cancelRequested":false,"apiVersion":"v2","requestResource":{"@type":"type.googleapis.com/google.cloud.functions.v2.Function","name":"projects/cloudschool-3c1d4/locations/us-central1/functions/api","buildConfig":{"runtime":"nodejs22","entryPoint":"api","source":{"storageSource":{"bucket":"gcf-v2-sources-974189460331-us-central1","object":"api/function-source.zip","generation":"1786873117214642"}},"environmentVariables":{"GOOGLE_NODE_RUN_SCRIPTS":""},"dockerRepository":"projects/cloudschool-3c1d4/locations/us-central1/repositories/gcf-artifacts","sourceProvenance":{"resolvedStorageSource":{"bucket":"gcf-v2-sources-974189460331-us-central1","object":"api/function-source.zip","generation":"1786822427202815"}},"dockerRegistry":"ARTIFACT_REGISTRY","serviceAccount":"projects/cloudschool-3c1d4/serviceAccounts/974189460331-compute@developer.gserviceaccount.com","automaticUpdatePolicy":{}},"serviceConfig":{"service":"projects/cloudschool-3c1d4/locations/us-central1/services/api","timeoutSeconds":60,"environmentVariables":{"FIREBASE_CONFIG":"{\"projectId\":\"cloudschool-3c1d4\",\"storageBucket\":\"cloudschool-3c1d4.firebasestorage.app\"}","GCLOUD_PROJECT":"cloudschool-3c1d4","EVENTARC_CLOUD_EVENT_SOURCE":"projects/cloudschool-3c1d4/locations/us-central1/services/api","FUNCTION_TARGET":"api","LOG_EXECUTION_ID":"true"},"ingressSettings":"ALLOW_ALL","uri":"https://api-2jtv46nvba-uc.a.run.app","serviceAccountEmail":"974189460331-compute@developer.gserviceaccount.com","availableMemory":"256Mi","allTrafficOnLatestRevision":true,"revision":"api-00103-vut","maxInstanceRequestConcurrency":80,"availableCpu":"1"},"state":"ACTIVE","labels":{"deployment-tool":"cli-firebase","firebase-functions-hash":"36e88ee4b5e67a5f53e9bf55d9c4a5ab57b8bf84"},"environment":"GEN_2","url":"https://us-central1-cloudschool-3c1d4.cloudfunctions.net/api","satisfiesPzi":true},"stages":[{"name":"BUILD","message":"Build in progress","state":"IN_PROGRESS","resource":"projects/974189460331/locations/us-central1/builds/ab27eeb9-b216-4877-a0f4-d1cd618c3811","resourceUri":"https://console.cloud.google.com/cloud-build/builds;region=us-central1/ab27eeb9-b216-4877-a0f4-d1cd618c3811?project=974189460331"},{"name":"SERVICE","state":"NOT_STARTED"}],"operationType":"UPDATE_FUNCTION","buildName":"projects/974189460331/locations/us-central1/builds/ab27eeb9-b216-4877-a0f4-d1cd618c3811"},"done":false}
[debug] [2026-08-16T09:39:46.327Z] [update-default-us-central1-api] Retrying task index 0
[debug] [2026-08-16T09:39:46.330Z] Checked if tokens are valid: true, expires at: 1786875896413
[debug] [2026-08-16T09:39:46.331Z] Checked if tokens are valid: true, expires at: 1786875896413
[debug] [2026-08-16T09:39:46.332Z] >>> [apiv2][query] GET https://cloudfunctions.googleapis.com/v2/projects/cloudschool-3c1d4/locations/us-central1/operations/operation-1786873116214-65926d159c38f-bd175bf1-498cfec2 [none]
[debug] [2026-08-16T09:39:49.859Z] <<< [apiv2][status] GET https://cloudfunctions.googleapis.com/v2/projects/cloudschool-3c1d4/locations/us-central1/operations/operation-1786873116214-65926d159c38f-bd175bf1-498cfec2 200
[debug] [2026-08-16T09:39:49.861Z] <<< [apiv2][body] GET https://cloudfunctions.googleapis.com/v2/projects/cloudschool-3c1d4/locations/us-central1/operations/operation-1786873116214-65926d159c38f-bd175bf1-498cfec2 {"name":"projects/cloudschool-3c1d4/locations/us-central1/operations/operation-1786873116214-65926d159c38f-bd175bf1-498cfec2","metadata":{"@type":"type.googleapis.com/google.cloud.functions.v2.OperationMetadata","createTime":"2026-08-16T09:38:37.380529167Z","endTime":"2026-08-16T09:39:46.059753522Z","target":"projects/cloudschool-3c1d4/locations/us-central1/functions/api","verb":"update","cancelRequested":false,"apiVersion":"v2","requestResource":{"@type":"type.googleapis.com/google.cloud.functions.v2.Function","name":"projects/cloudschool-3c1d4/locations/us-central1/functions/api","buildConfig":{"runtime":"nodejs22","entryPoint":"api","source":{"storageSource":{"bucket":"gcf-v2-sources-974189460331-us-central1","object":"api/function-source.zip","generation":"1786873117214642"}},"environmentVariables":{"GOOGLE_NODE_RUN_SCRIPTS":""},"dockerRepository":"projects/cloudschool-3c1d4/locations/us-central1/repositories/gcf-artifacts","sourceProvenance":{"resolvedStorageSource":{"bucket":"gcf-v2-sources-974189460331-us-central1","object":"api/function-source.zip","generation":"1786822427202815"}},"dockerRegistry":"ARTIFACT_REGISTRY","serviceAccount":"projects/cloudschool-3c1d4/serviceAccounts/974189460331-compute@developer.gserviceaccount.com","automaticUpdatePolicy":{}},"serviceConfig":{"service":"projects/cloudschool-3c1d4/locations/us-central1/services/api","timeoutSeconds":60,"environmentVariables":{"FIREBASE_CONFIG":"{\"projectId\":\"cloudschool-3c1d4\",\"storageBucket\":\"cloudschool-3c1d4.firebasestorage.app\"}","GCLOUD_PROJECT":"cloudschool-3c1d4","EVENTARC_CLOUD_EVENT_SOURCE":"projects/cloudschool-3c1d4/locations/us-central1/services/api","FUNCTION_TARGET":"api","LOG_EXECUTION_ID":"true"},"ingressSettings":"ALLOW_ALL","uri":"https://api-2jtv46nvba-uc.a.run.app","serviceAccountEmail":"974189460331-compute@developer.gserviceaccount.com","availableMemory":"256Mi","allTrafficOnLatestRevision":true,"revision":"api-00103-vut","maxInstanceRequestConcurrency":80,"availableCpu":"1"},"state":"ACTIVE","labels":{"deployment-tool":"cli-firebase","firebase-functions-hash":"36e88ee4b5e67a5f53e9bf55d9c4a5ab57b8bf84"},"environment":"GEN_2","url":"https://us-central1-cloudschool-3c1d4.cloudfunctions.net/api","satisfiesPzi":true},"stages":[{"name":"BUILD","message":"Build finished","state":"COMPLETE","resource":"projects/974189460331/locations/us-central1/builds/ab27eeb9-b216-4877-a0f4-d1cd618c3811","resourceUri":"https://console.cloud.google.com/cloud-build/builds;region=us-central1/ab27eeb9-b216-4877-a0f4-d1cd618c3811?project=974189460331"},{"name":"SERVICE","message":"Updating Cloud Run service","state":"COMPLETE","resource":"projects/cloudschool-3c1d4/locations/us-central1/services/api","resourceUri":"https://console.cloud.google.com/run/detail/us-central1/api?project=cloudschool-3c1d4","stateMessages":[{"severity":"INFO","type":"CloudRunServiceNewRevisionTrafficInfo","message":"A new revision will be deployed serving with 100% traffic."}]}],"sourceToken":"Cldwcm9qZWN0cy85NzQxODk0NjAzMzEvbG9jYXRpb25zL3VzLWNlbnRyYWwxL2J1aWxkcy9hYjI3ZWViOS1iMjE2LTQ4NzctYTBmNC1kMWNkNjE4YzM4MTESanVzLWNlbnRyYWwxLWRvY2tlci5wa2cuZGV2L2Nsb3Vkc2Nob29sLTNjMWQ0L2djZi1hcnRpZmFjdHMvY2xvdWRzY2hvb2wtLTNjMWQ0X191cy0tY2VudHJhbDFfX2FwaTp2ZXJzaW9uXzEY6/bdka0cIj5wcm9qZWN0cy9jbG91ZHNjaG9vbC0zYzFkNC9sb2NhdGlvbnMvdXMtY2VudHJhbDEvZnVuY3Rpb25zL2FwaSoLCNiKhtQGENig5UIyCG5vZGVqczIyOnYKI2djci5pby9nYWUtcnVudGltZXMvbm9kZWpzMjI6c3RhYmxlEk91cy1jZW50cmFsMS1kb2NrZXIucGtnLmRldi9zZXJ2ZXJsZXNzLXJ1bnRpbWVzL2dvb2dsZS0yMi1mdWxsL3J1bnRpbWVzL25vZGVqczIyQAE=","operationType":"UPDATE_FUNCTION","buildName":"projects/974189460331/locations/us-central1/builds/ab27eeb9-b216-4877-a0f4-d1cd618c3811"},"done":true,"response":{"@type":"type.googleapis.com/google.cloud.functions.v2.Function","name":"projects/cloudschool-3c1d4/locations/us-central1/functions/api","buildConfig":{"build":"projects/974189460331/locations/us-central1/builds/ab27eeb9-b216-4877-a0f4-d1cd618c3811","runtime":"nodejs22","entryPoint":"api","source":{"storageSource":{"bucket":"gcf-v2-sources-974189460331-us-central1","object":"api/function-source.zip","generation":"1786873117214642"}},"environmentVariables":{"GOOGLE_NODE_RUN_SCRIPTS":""},"dockerRepository":"projects/cloudschool-3c1d4/locations/us-central1/repositories/gcf-artifacts","sourceProvenance":{"resolvedStorageSource":{"bucket":"gcf-v2-sources-974189460331-us-central1","object":"api/function-source.zip","generation":"1786873117214642"}},"dockerRegistry":"ARTIFACT_REGISTRY","serviceAccount":"projects/cloudschool-3c1d4/serviceAccounts/974189460331-compute@developer.gserviceaccount.com","automaticUpdatePolicy":{}},"serviceConfig":{"service":"projects/cloudschool-3c1d4/locations/us-central1/services/api","timeoutSeconds":60,"environmentVariables":{"FIREBASE_CONFIG":"{\"projectId\":\"cloudschool-3c1d4\",\"storageBucket\":\"cloudschool-3c1d4.firebasestorage.app\"}","GCLOUD_PROJECT":"cloudschool-3c1d4","EVENTARC_CLOUD_EVENT_SOURCE":"projects/cloudschool-3c1d4/locations/us-central1/services/api","FUNCTION_TARGET":"api","LOG_EXECUTION_ID":"true"},"maxInstanceCount":20,"ingressSettings":"ALLOW_ALL","uri":"https://api-2jtv46nvba-uc.a.run.app","serviceAccountEmail":"974189460331-compute@developer.gserviceaccount.com","availableMemory":"256Mi","allTrafficOnLatestRevision":true,"revision":"api-00104-rof","maxInstanceRequestConcurrency":80,"availableCpu":"1"},"state":"ACTIVE","updateTime":"2026-08-16T09:38:37.381789117Z","labels":{"deployment-tool":"cli-firebase","firebase-functions-hash":"36e88ee4b5e67a5f53e9bf55d9c4a5ab57b8bf84"},"environment":"GEN_2","url":"https://us-central1-cloudschool-3c1d4.cloudfunctions.net/api","createTime":"2026-07-28T16:46:45.636221501Z","satisfiesPzi":true}}
[debug] [2026-08-16T09:39:49.866Z] Got source token Cldwcm9qZWN0cy85NzQxODk0NjAzMzEvbG9jYXRpb25zL3VzLWNlbnRyYWwxL2J1aWxkcy9hYjI3ZWViOS1iMjE2LTQ4NzctYTBmNC1kMWNkNjE4YzM4MTESanVzLWNlbnRyYWwxLWRvY2tlci5wa2cuZGV2L2Nsb3Vkc2Nob29sLTNjMWQ0L2djZi1hcnRpZmFjdHMvY2xvdWRzY2hvb2wtLTNjMWQ0X191cy0tY2VudHJhbDFfX2FwaTp2ZXJzaW9uXzEY6/bdka0cIj5wcm9qZWN0cy9jbG91ZHNjaG9vbC0zYzFkNC9sb2NhdGlvbnMvdXMtY2VudHJhbDEvZnVuY3Rpb25zL2FwaSoLCNiKhtQGENig5UIyCG5vZGVqczIyOnYKI2djci5pby9nYWUtcnVudGltZXMvbm9kZWpzMjI6c3RhYmxlEk91cy1jZW50cmFsMS1kb2NrZXIucGtnLmRldi9zZXJ2ZXJsZXNzLXJ1bnRpbWVzL2dvb2dsZS0yMi1mdWxsL3J1bnRpbWVzL25vZGVqczIyQAE= for region us-central1
[info] +  functions[api(us-central1)] Successful update operation. 
[debug] [2026-08-16T09:39:49.890Z] Total Function Deployment time: 75287
[debug] [2026-08-16T09:39:49.891Z] 1 Functions Deployed
[debug] [2026-08-16T09:39:49.892Z] 0 Functions Errored
[debug] [2026-08-16T09:39:49.892Z] 0 Function Deployments Aborted
[debug] [2026-08-16T09:39:49.893Z] Average Function Deployment time: 75280
[info] Function URL (api(us-central1)): https://api-2jtv46nvba-uc.a.run.app
[debug] [2026-08-16T09:39:50.828Z] Checked if tokens are valid: true, expires at: 1786875896413
[debug] [2026-08-16T09:39:50.829Z] Checked if tokens are valid: true, expires at: 1786875896413
[debug] [2026-08-16T09:39:50.830Z] >>> [apiv2][query] GET https://artifactregistry.googleapis.com/v1/projects/cloudschool-3c1d4/locations/us-central1/repositories/gcf-artifacts [none]
[debug] [2026-08-16T09:39:54.161Z] <<< [apiv2][status] GET https://artifactregistry.googleapis.com/v1/projects/cloudschool-3c1d4/locations/us-central1/repositories/gcf-artifacts 200
[debug] [2026-08-16T09:39:54.162Z] <<< [apiv2][body] GET https://artifactregistry.googleapis.com/v1/projects/cloudschool-3c1d4/locations/us-central1/repositories/gcf-artifacts {"name":"projects/cloudschool-3c1d4/locations/us-central1/repositories/gcf-artifacts","format":"DOCKER","description":"This repository is created and used by Cloud Functions for storing function docker images.","labels":{"goog-managed-by":"cloudfunctions"},"createTime":"2026-07-28T16:47:02.003170Z","updateTime":"2026-08-16T09:39:28.714447Z","mode":"STANDARD_REPOSITORY","cleanupPolicies":{"firebase-functions-cleanup":{"id":"firebase-functions-cleanup","action":"DELETE","condition":{"tagState":"ANY","olderThan":"86400s"}}},"sizeBytes":"240683855","vulnerabilityScanningConfig":{"lastEnableTime":"2026-07-28T16:46:45.870790331Z","enablementState":"SCANNING_DISABLED","enablementStateReason":"API containerscanning.googleapis.com is not enabled."},"satisfiesPzi":true,"registryUri":"us-central1-docker.pkg.dev/cloudschool-3c1d4/gcf-artifacts"}
[debug] [2026-08-16T09:39:54.164Z] [
  {
    "config": {
      "public": ".",
      "ignore": [
        "firebase.json",
        "**/.*",
        "**/node_modules/**",
        ".git/**",
        "functions/**"
      ],
      "rewrites": [
        {
          "source": "**",
          "destination": "/index.html"
        }
      ],
      "site": "cloudschool-3c1d4"
    },
    "version": "projects/974189460331/sites/cloudschool-3c1d4/versions/e7f460cb7ea9f296"
  }
]
[info] i  hosting[cloudschool-3c1d4]: finalizing version... 
[debug] [2026-08-16T09:39:54.173Z] Checked if tokens are valid: true, expires at: 1786875896413
[debug] [2026-08-16T09:39:54.175Z] Checked if tokens are valid: true, expires at: 1786875896413
[debug] [2026-08-16T09:39:54.177Z] >>> [apiv2][query] PATCH https://firebasehosting.googleapis.com/v1beta1/projects/-/sites/cloudschool-3c1d4/versions/e7f460cb7ea9f296 updateMask=status%2Cconfig
[debug] [2026-08-16T09:39:54.178Z] >>> [apiv2][body] PATCH https://firebasehosting.googleapis.com/v1beta1/projects/-/sites/cloudschool-3c1d4/versions/e7f460cb7ea9f296 {"status":"FINALIZED","config":{"rewrites":[{"glob":"**","path":"/index.html"}]}}
[debug] [2026-08-16T09:39:58.565Z] <<< [apiv2][status] PATCH https://firebasehosting.googleapis.com/v1beta1/projects/-/sites/cloudschool-3c1d4/versions/e7f460cb7ea9f296 200
[debug] [2026-08-16T09:39:58.566Z] <<< [apiv2][body] PATCH https://firebasehosting.googleapis.com/v1beta1/projects/-/sites/cloudschool-3c1d4/versions/e7f460cb7ea9f296 {"name":"projects/974189460331/sites/cloudschool-3c1d4/versions/e7f460cb7ea9f296","status":"FINALIZED","config":{"rewrites":[{"glob":"**","path":"/index.html"}]},"labels":{"deployment-tool":"cli-firebase"},"createTime":"2026-08-16T09:38:18.240556Z","createUser":{"email":"faith4grtns@gmail.com"},"finalizeTime":"2026-08-16T09:39:58.150300Z","finalizeUser":{"email":"faith4grtns@gmail.com"}}
[debug] [2026-08-16T09:39:58.566Z] [hosting] finalized version for cloudschool-3c1d4:[object Object]
[info] +  hosting[cloudschool-3c1d4]: version finalized 
[info] i  hosting[cloudschool-3c1d4]: releasing new version... 
[debug] [2026-08-16T09:39:58.568Z] Checked if tokens are valid: true, expires at: 1786875896413
[debug] [2026-08-16T09:39:58.569Z] Checked if tokens are valid: true, expires at: 1786875896413
[debug] [2026-08-16T09:39:58.569Z] >>> [apiv2][query] POST https://firebasehosting.googleapis.com/v1beta1/projects/-/sites/cloudschool-3c1d4/channels/live/releases versionName=projects%2F974189460331%2Fsites%2Fcloudschool-3c1d4%2Fversions%2Fe7f460cb7ea9f296
[debug] [2026-08-16T09:39:58.570Z] >>> [apiv2][body] POST https://firebasehosting.googleapis.com/v1beta1/projects/-/sites/cloudschool-3c1d4/channels/live/releases {}
[debug] [2026-08-16T09:40:00.874Z] <<< [apiv2][status] POST https://firebasehosting.googleapis.com/v1beta1/projects/-/sites/cloudschool-3c1d4/channels/live/releases 200
[debug] [2026-08-16T09:40:00.877Z] <<< [apiv2][body] POST https://firebasehosting.googleapis.com/v1beta1/projects/-/sites/cloudschool-3c1d4/channels/live/releases {"name":"projects/974189460331/sites/cloudschool-3c1d4/channels/live/releases/1786873199667000","version":{"name":"projects/974189460331/sites/cloudschool-3c1d4/versions/e7f460cb7ea9f296","status":"FINALIZED","config":{"rewrites":[{"glob":"**","path":"/index.html"}]},"labels":{"deployment-tool":"cli-firebase"},"createTime":"2026-08-16T09:38:18.240556Z","createUser":{"email":"faith4grtns@gmail.com","imageUrl":"https://lh3.googleusercontent.com/a/ACg8ocLEYSCpC6QXxVI9ZrrPgzBbqLjliRa8FdJMXeDFQunkfwEXvFN7"},"finalizeTime":"2026-08-16T09:39:58.150300Z","finalizeUser":{"email":"faith4grtns@gmail.com","imageUrl":"https://lh3.googleusercontent.com/a/ACg8ocLEYSCpC6QXxVI9ZrrPgzBbqLjliRa8FdJMXeDFQunkfwEXvFN7"}},"type":"DEPLOY","releaseTime":"2026-08-16T09:39:59.667Z","releaseUser":{"email":"faith4grtns@gmail.com","imageUrl":"https://lh3.googleusercontent.com/a/ACg8ocLEYSCpC6QXxVI9ZrrPgzBbqLjliRa8FdJMXeDFQunkfwEXvFN7"}}
[debug] [2026-08-16T09:40:00.878Z] [hosting] release: {"name":"projects/974189460331/sites/cloudschool-3c1d4/channels/live/releases/1786873199667000","version":{"name":"projects/974189460331/sites/cloudschool-3c1d4/versions/e7f460cb7ea9f296","status":"FINALIZED","config":{"rewrites":[{"glob":"**","path":"/index.html"}]},"labels":{"deployment-tool":"cli-firebase"},"createTime":"2026-08-16T09:38:18.240556Z","createUser":{"email":"faith4grtns@gmail.com","imageUrl":"https://lh3.googleusercontent.com/a/ACg8ocLEYSCpC6QXxVI9ZrrPgzBbqLjliRa8FdJMXeDFQunkfwEXvFN7"},"finalizeTime":"2026-08-16T09:39:58.150300Z","finalizeUser":{"email":"faith4grtns@gmail.com","imageUrl":"https://lh3.googleusercontent.com/a/ACg8ocLEYSCpC6QXxVI9ZrrPgzBbqLjliRa8FdJMXeDFQunkfwEXvFN7"}},"type":"DEPLOY","releaseTime":"2026-08-16T09:39:59.667Z","releaseUser":{"email":"faith4grtns@gmail.com","imageUrl":"https://lh3.googleusercontent.com/a/ACg8ocLEYSCpC6QXxVI9ZrrPgzBbqLjliRa8FdJMXeDFQunkfwEXvFN7"}}
[info] +  hosting[cloudschool-3c1d4]: release complete 
[info] 
[info] +  Deploy complete! 
[info] 
[info] Project Console: https://console.firebase.google.com/project/cloudschool-3c1d4/overview
[info] Hosting URL: https://cloudschool-3c1d4.web.app
